graph: { title: "../Startup_Code/vectors.cpp"
node: { title: "Default_Handler" label: "void Default_Handler()\n../Startup_Code/vectors.cpp:45:6\n8 bytes (static)" }
node: { title: "../Startup_Code/vectors.cpp:HardFault_Handler" label: "void HardFault_Handler()\n../Startup_Code/vectors.cpp:80:6\n0 bytes (static)" }
node: { title: "../Startup_Code/vectors.cpp:_ZN5USBDM9PitBase_TINS_7PitInfoEE10irqHandlerILNS_13PitChannelNumE0EEEvv" label: "static void USBDM::PitBase_T<Info>::irqHandler() [with USBDM::PitChannelNum pitChannelNum = USBDM::PitChannelNum_0; Info = USBDM::PitInfo]\n../Project_Headers/pit.h:1196:16\n16 bytes (static)" }
node: { title: "__indirect_call" label: "Indirect Call Placeholder" shape : ellipse }
edge: { sourcename: "../Startup_Code/vectors.cpp:_ZN5USBDM9PitBase_TINS_7PitInfoEE10irqHandlerILNS_13PitChannelNumE0EEEvv" targetname: "__indirect_call" label: "../Project_Headers/pit.h:1207:23" }
node: { title: "../Startup_Code/vectors.cpp:_ZN5USBDM9PitBase_TINS_7PitInfoEE10irqHandlerILNS_13PitChannelNumE1EEEvv" label: "static void USBDM::PitBase_T<Info>::irqHandler() [with USBDM::PitChannelNum pitChannelNum = USBDM::PitChannelNum_1; Info = USBDM::PitInfo]\n../Project_Headers/pit.h:1196:16\n16 bytes (static)" }
edge: { sourcename: "../Startup_Code/vectors.cpp:_ZN5USBDM9PitBase_TINS_7PitInfoEE10irqHandlerILNS_13PitChannelNumE1EEEvv" targetname: "__indirect_call" label: "../Project_Headers/pit.h:1207:23" }
}
