Archive member included to satisfy reference by file (symbol)

/opt/eclipse-usbdm/arm-gnu-toolchain-13.2.Rel1-x86_64-arm-none-eabi/bin/../lib/gcc/arm-none-eabi/13.2.1/../../../../arm-none-eabi/lib/thumb/v6-m/nofp/libstdc++_nano.a(atexit_arm.o)
                              ./Sources/DustCollector.o (__aeabi_atexit)
/opt/eclipse-usbdm/arm-gnu-toolchain-13.2.Rel1-x86_64-arm-none-eabi/bin/../lib/gcc/arm-none-eabi/13.2.1/../../../../arm-none-eabi/lib/thumb/v6-m/nofp/libstdc++_nano.a(del_ops.o)
                              ./Sources/DustCollector.o (operator delete(void*, unsigned int))
/opt/eclipse-usbdm/arm-gnu-toolchain-13.2.Rel1-x86_64-arm-none-eabi/bin/../lib/gcc/arm-none-eabi/13.2.1/../../../../arm-none-eabi/lib/thumb/v6-m/nofp/libstdc++_nano.a(del_op.o)
                              /opt/eclipse-usbdm/arm-gnu-toolchain-13.2.Rel1-x86_64-arm-none-eabi/bin/../lib/gcc/arm-none-eabi/13.2.1/../../../../arm-none-eabi/lib/thumb/v6-m/nofp/libstdc++_nano.a(del_ops.o) (operator delete(void*))
/opt/eclipse-usbdm/arm-gnu-toolchain-13.2.Rel1-x86_64-arm-none-eabi/bin/../lib/gcc/arm-none-eabi/13.2.1/../../../../arm-none-eabi/lib/thumb/v6-m/nofp/libm.a(libm_a-sf_round.o)
                              ./Sources/delay.o (roundf)
/opt/eclipse-usbdm/arm-gnu-toolchain-13.2.Rel1-x86_64-arm-none-eabi/bin/../lib/gcc/arm-none-eabi/13.2.1/thumb/v6-m/nofp/libgcc.a(_udivsi3.o)
                              ./Sources/DustCollector.o (__aeabi_uidiv)
/opt/eclipse-usbdm/arm-gnu-toolchain-13.2.Rel1-x86_64-arm-none-eabi/bin/../lib/gcc/arm-none-eabi/13.2.1/thumb/v6-m/nofp/libgcc.a(_dvmd_tls.o)
                              /opt/eclipse-usbdm/arm-gnu-toolchain-13.2.Rel1-x86_64-arm-none-eabi/bin/../lib/gcc/arm-none-eabi/13.2.1/thumb/v6-m/nofp/libgcc.a(_udivsi3.o) (__aeabi_idiv0)
/opt/eclipse-usbdm/arm-gnu-toolchain-13.2.Rel1-x86_64-arm-none-eabi/bin/../lib/gcc/arm-none-eabi/13.2.1/thumb/v6-m/nofp/libgcc.a(_aeabi_uldivmod.o)
                              ./Sources/delay.o (__aeabi_uldivmod)
/opt/eclipse-usbdm/arm-gnu-toolchain-13.2.Rel1-x86_64-arm-none-eabi/bin/../lib/gcc/arm-none-eabi/13.2.1/thumb/v6-m/nofp/libgcc.a(_muldi3.o)
                              ./Sources/delay.o (__aeabi_lmul)
/opt/eclipse-usbdm/arm-gnu-toolchain-13.2.Rel1-x86_64-arm-none-eabi/bin/../lib/gcc/arm-none-eabi/13.2.1/thumb/v6-m/nofp/libgcc.a(_udivmoddi4.o)
                              /opt/eclipse-usbdm/arm-gnu-toolchain-13.2.Rel1-x86_64-arm-none-eabi/bin/../lib/gcc/arm-none-eabi/13.2.1/thumb/v6-m/nofp/libgcc.a(_aeabi_uldivmod.o) (__udivmoddi4)
/opt/eclipse-usbdm/arm-gnu-toolchain-13.2.Rel1-x86_64-arm-none-eabi/bin/../lib/gcc/arm-none-eabi/13.2.1/thumb/v6-m/nofp/libgcc.a(addsf3.o)
                              /opt/eclipse-usbdm/arm-gnu-toolchain-13.2.Rel1-x86_64-arm-none-eabi/bin/../lib/gcc/arm-none-eabi/13.2.1/../../../../arm-none-eabi/lib/thumb/v6-m/nofp/libm.a(libm_a-sf_round.o) (__aeabi_fadd)
/opt/eclipse-usbdm/arm-gnu-toolchain-13.2.Rel1-x86_64-arm-none-eabi/bin/../lib/gcc/arm-none-eabi/13.2.1/thumb/v6-m/nofp/libgcc.a(mulsf3.o)
                              ./Sources/delay.o (__aeabi_fmul)
/opt/eclipse-usbdm/arm-gnu-toolchain-13.2.Rel1-x86_64-arm-none-eabi/bin/../lib/gcc/arm-none-eabi/13.2.1/thumb/v6-m/nofp/libgcc.a(fixsfsi.o)
                              ./Sources/delay.o (__aeabi_f2iz)
/opt/eclipse-usbdm/arm-gnu-toolchain-13.2.Rel1-x86_64-arm-none-eabi/bin/../lib/gcc/arm-none-eabi/13.2.1/thumb/v6-m/nofp/libgcc.a(_clzsi2.o)
                              /opt/eclipse-usbdm/arm-gnu-toolchain-13.2.Rel1-x86_64-arm-none-eabi/bin/../lib/gcc/arm-none-eabi/13.2.1/thumb/v6-m/nofp/libgcc.a(addsf3.o) (__clzsi2)
/opt/eclipse-usbdm/arm-gnu-toolchain-13.2.Rel1-x86_64-arm-none-eabi/bin/../lib/gcc/arm-none-eabi/13.2.1/thumb/v6-m/nofp/libgcc.a(_clzdi2.o)
                              /opt/eclipse-usbdm/arm-gnu-toolchain-13.2.Rel1-x86_64-arm-none-eabi/bin/../lib/gcc/arm-none-eabi/13.2.1/thumb/v6-m/nofp/libgcc.a(_udivmoddi4.o) (__clzdi2)
/opt/eclipse-usbdm/arm-gnu-toolchain-13.2.Rel1-x86_64-arm-none-eabi/bin/../lib/gcc/arm-none-eabi/13.2.1/../../../../arm-none-eabi/lib/thumb/v6-m/nofp/libg_nano.a(libc_a-exit.o)
                              /opt/eclipse-usbdm/arm-gnu-toolchain-13.2.Rel1-x86_64-arm-none-eabi/bin/../lib/gcc/arm-none-eabi/13.2.1/../../../../arm-none-eabi/lib/thumb/v6-m/nofp/crt0.o (exit)
/opt/eclipse-usbdm/arm-gnu-toolchain-13.2.Rel1-x86_64-arm-none-eabi/bin/../lib/gcc/arm-none-eabi/13.2.1/../../../../arm-none-eabi/lib/thumb/v6-m/nofp/libg_nano.a(libc_a-init.o)
                              /opt/eclipse-usbdm/arm-gnu-toolchain-13.2.Rel1-x86_64-arm-none-eabi/bin/../lib/gcc/arm-none-eabi/13.2.1/../../../../arm-none-eabi/lib/thumb/v6-m/nofp/crt0.o (__libc_init_array)
/opt/eclipse-usbdm/arm-gnu-toolchain-13.2.Rel1-x86_64-arm-none-eabi/bin/../lib/gcc/arm-none-eabi/13.2.1/../../../../arm-none-eabi/lib/thumb/v6-m/nofp/libg_nano.a(libc_a-reent.o)
                              ./Startup_Code/newlib_stubs.o (errno)
[...]
Memory Configuration

Name             Origin             Length             Attributes
aips             0x40000000         0x00080000         rw
gpio             0x400ff000         0x00001000         rw
bme              0x44000000         0x1c000000         rw
peripherals      0xe0000000         0x00100000         rw
romTable         0xf0002000         0x00001000         rw
mcm              0xf0003000         0x00001000         rw
fgpio            0xf8000000         0x08000000         rw
flash            0x00000000         0x00002000         xr
ram_high         0x20000000         0x00000300         xrw
ram_low          0x1fffff00         0x00000100         xrw
*default*        0x00000000         0xffffffff

Linker script and memory map

LOAD /opt/eclipse-usbdm/arm-gnu-toolchain-13.2.Rel1-x86_64-arm-none-eabi/bin/../lib/gcc/arm-none-eabi/13.2.1/thumb/v6-m/nofp/crti.o
LOAD /opt/eclipse-usbdm/arm-gnu-toolchain-13.2.Rel1-x86_64-arm-none-eabi/bin/../lib/gcc/arm-none-eabi/13.2.1/thumb/v6-m/nofp/crtbegin.o
LOAD /opt/eclipse-usbdm/arm-gnu-toolchain-13.2.Rel1-x86_64-arm-none-eabi/bin/../lib/gcc/arm-none-eabi/13.2.1/../../../../arm-none-eabi/lib/thumb/v6-m/nofp/crt0.o
LOAD ./qv/qv.o
LOAD ./qf/qep_hsm.o
LOAD ./qf/qep_msm.o
LOAD ./qf/qf_act.o
LOAD ./qf/qf_actq.o
LOAD ./qf/qf_defer.o
LOAD ./qf/qf_dyn.o
LOAD ./qf/qf_mem.o
LOAD ./qf/qf_ps.o
LOAD ./qf/qf_qact.o
LOAD ./qf/qf_qeq.o
LOAD ./qf/qf_qmact.o
LOAD ./qf/qf_time.o
LOAD ./gnu/qv_port.o
LOAD ./Startup_Code/console.o
LOAD ./Startup_Code/ics.o
LOAD ./Startup_Code/newlib_stubs.o
LOAD ./Startup_Code/security.o
LOAD ./Startup_Code/startup_ARMLtdGCC.o
LOAD ./Startup_Code/system-gcc.o
LOAD ./Startup_Code/system.o
LOAD ./Startup_Code/vectors.o
LOAD ./Sources/DustCollector.o
LOAD ./Sources/Sampler.o
LOAD ./Sources/bsp.o
LOAD ./Sources/delay.o
LOAD ./Sources/hardware.o
LOAD ./Sources/i2c.o
LOAD ./Sources/main.o
LOAD ./Sources/spi.o
LOAD ./Sources/usbdmError.o
LOAD /opt/eclipse-usbdm/arm-gnu-toolchain-13.2.Rel1-x86_64-arm-none-eabi/bin/../lib/gcc/arm-none-eabi/13.2.1/../../../../arm-none-eabi/lib/thumb/v6-m/nofp/libstdc++_nano.a
LOAD /opt/eclipse-usbdm/arm-gnu-toolchain-13.2.Rel1-x86_64-arm-none-eabi/bin/../lib/gcc/arm-none-eabi/13.2.1/../../../../arm-none-eabi/lib/thumb/v6-m/nofp/libm.a
START GROUP
LOAD /opt/eclipse-usbdm/arm-gnu-toolchain-13.2.Rel1-x86_64-arm-none-eabi/bin/../lib/gcc/arm-none-eabi/13.2.1/thumb/v6-m/nofp/libgcc.a
LOAD /opt/eclipse-usbdm/arm-gnu-toolchain-13.2.Rel1-x86_64-arm-none-eabi/bin/../lib/gcc/arm-none-eabi/13.2.1/../../../../arm-none-eabi/lib/thumb/v6-m/nofp/libg_nano.a
LOAD /opt/eclipse-usbdm/arm-gnu-toolchain-13.2.Rel1-x86_64-arm-none-eabi/bin/../lib/gcc/arm-none-eabi/13.2.1/../../../../arm-none-eabi/lib/thumb/v6-m/nofp/libc_nano.a
END GROUP
START GROUP
LOAD /opt/eclipse-usbdm/arm-gnu-toolchain-13.2.Rel1-x86_64-arm-none-eabi/bin/../lib/gcc/arm-none-eabi/13.2.1/thumb/v6-m/nofp/libgcc.a
LOAD /opt/eclipse-usbdm/arm-gnu-toolchain-13.2.Rel1-x86_64-arm-none-eabi/bin/../lib/gcc/arm-none-eabi/13.2.1/../../../../arm-none-eabi/lib/thumb/v6-m/nofp/libc_nano.a
END GROUP
LOAD /opt/eclipse-usbdm/arm-gnu-toolchain-13.2.Rel1-x86_64-arm-none-eabi/bin/../lib/gcc/arm-none-eabi/13.2.1/thumb/v6-m/nofp/crtend.o
LOAD /opt/eclipse-usbdm/arm-gnu-toolchain-13.2.Rel1-x86_64-arm-none-eabi/bin/../lib/gcc/arm-none-eabi/13.2.1/thumb/v6-m/nofp/crtn.o
                0x00000090                        __stack_size = 0x90
                0x00000000                        __heap_size = 0x0
                0x00000000                        __sram_u_size = 0x0
                0x00000000                        FORCE_BOOT_LOADER = DEFINED (bootloaderInformation)?0x1:0x0
                0x00000000                        BOOT_LOADER_SIZE = DEFINED (BOOT_LOADER_SIZE)?BOOT_LOADER_SIZE:(0x4000 * FORCE_BOOT_LOADER)
                0x00000090                        PROVIDE (__stack_size__ = __stack_size)
                0x00000000                        PROVIDE (__heap_size__ = __heap_size)
                [!provide]                        PROVIDE (__HardReset = Reset_Handler)
                [!provide]                        PROVIDE (_start = main)

.interrupts     0x00000000      0x410
 FILL mask 0xff
                0x00000000                        __flash_start = .
                0x00000000                        __VECTOR_TABLE = .
 *(.interrupt_vectors)
 .interrupt_vectors
                0x00000000       0xb8 ./Startup_Code/vectors.o
                0x00000000                __vector_table
 *(.isr_vector)
                0x00000001                        ASSERT ((. != __flash_start), No reset vector found)
                0x000000b8                        __VECTOR_TABLE_END = .
                0x000003c0                        . = (__flash_start + 0x3c0)
 *fill*         0x000000b8      0x308 ff
 *(.bootloader_configuration)
                0x000003c0                        __bootloaderInformation = .
 *(.bootloaderInformation)
                0x00000001                        ASSERT (((BOOT_LOADER_SIZE == 0x0) || (. != __bootloaderInformation)), No bootloader information)
                0x00000400                        . = (__flash_start + 0x400)
 *fill*         0x000003c0       0x40 ff
 *(.security_information)
 .security_information
                0x00000400       0x10 ./Startup_Code/security.o
                0x00000400                securityInfo
                0x00000001                        ASSERT ((. == (__flash_start + 0x410)), No Freescale security information)
 *(.FlashConfig)
 *(.freertos_information)
                0x00000000                        M_VECTOR_RAM_SIZE = DEFINED (__ram_vector_table__)?(__VECTOR_TABLE_END - __VECTOR_TABLE):0x0

.text           0x00000410     0x1704
 *(.text)
 .text          0x00000410       0x80 /opt/eclipse-usbdm/arm-gnu-toolchain-13.2.Rel1-x86_64-arm-none-eabi/bin/../lib/gcc/arm-none-eabi/13.2.1/../../../../arm-none-eabi/lib/thumb/v6-m/nofp/crt0.o
                0x00000410                _stack_init
                0x0000041c                _mainCRTStartup
                0x0000041c                _start
 .text          0x00000490       0x44 ./Startup_Code/startup_ARMLtdGCC.o
                0x00000490                Reset_Handler
 .text          0x000004d4      0x114 /opt/eclipse-usbdm/arm-gnu-toolchain-13.2.Rel1-x86_64-arm-none-eabi/bin/../lib/gcc/arm-none-eabi/13.2.1/thumb/v6-m/nofp/libgcc.a(_udivsi3.o)
                0x000004d4                __udivsi3
                0x000004d4                __aeabi_uidiv
                0x000005e0                __aeabi_uidivmod
 .text          0x000005e8        0x4 /opt/eclipse-usbdm/arm-gnu-toolchain-13.2.Rel1-x86_64-arm-none-eabi/bin/../lib/gcc/arm-none-eabi/13.2.1/thumb/v6-m/nofp/libgcc.a(_dvmd_tls.o)
                0x000005e8                __aeabi_ldiv0
                0x000005e8                __aeabi_idiv0
 *(.text*)
 .text.deregister_tm_clones
                0x000005ec       0x20 /opt/eclipse-usbdm/arm-gnu-toolchain-13.2.Rel1-x86_64-arm-none-eabi/bin/../lib/gcc/arm-none-eabi/13.2.1/thumb/v6-m/nofp/crtbegin.o
 .text.register_tm_clones
                0x0000060c       0x28 /opt/eclipse-usbdm/arm-gnu-toolchain-13.2.Rel1-x86_64-arm-none-eabi/bin/../lib/gcc/arm-none-eabi/13.2.1/thumb/v6-m/nofp/crtbegin.o
 .text.__do_global_dtors_aux
                0x00000634       0x2c /opt/eclipse-usbdm/arm-gnu-toolchain-13.2.Rel1-x86_64-arm-none-eabi/bin/../lib/gcc/arm-none-eabi/13.2.1/thumb/v6-m/nofp/crtbegin.o
 .text.frame_dummy
                0x00000660       0x24 /opt/eclipse-usbdm/arm-gnu-toolchain-13.2.Rel1-x86_64-arm-none-eabi/bin/../lib/gcc/arm-none-eabi/13.2.1/thumb/v6-m/nofp/crtbegin.o
 .text._ZN2QP2QF4initEv
                0x00000684       0x40 ./qv/qv.o
                0x00000684                QP::QF::init()
 .text._ZN2QP2QF3runEv
                0x000006c4       0x7c ./qv/qv.o
                0x000006c4                QP::QF::run()
 .text._ZN2QP7QActive5startEtPPKNS_4QEvtEjPvjPKv
                0x00000740       0x50 ./qv/qv.o
                0x00000740                QP::QActive::start(unsigned short, QP::QEvt const**, unsigned int, void*, unsigned int, void const*)
 .text._ZN2QP4QAsm4initEj
                0x00000790        0xe ./qf/qep_hsm.o
                0x00000790                QP::QAsm::init(unsigned int)
 .text._ZN2QP4QAsm3topEPvPKNS_4QEvtE
                0x0000079e        0x4 ./qf/qep_hsm.o
                0x0000079e                QP::QAsm::top(void*, QP::QEvt const*)
 *fill*         0x000007a2        0x2 
 .text._ZN2QP4QHsm4initEPKvj
                0x000007a4       0xb8 ./qf/qep_hsm.o
                0x000007a4                QP::QHsm::init(void const*, unsigned int)
 .text._ZN2QP4QHsm8hsm_tranERA6_PFjPvPKNS_4QEvtEEj
                0x0000085c      0x13c ./qf/qep_hsm.o
                0x0000085c                QP::QHsm::hsm_tran(unsigned int (* (&) [6])(void*, QP::QEvt const*), unsigned int)
 .text._ZN2QP4QHsm8dispatchEPKNS_4QEvtEj
                0x00000998      0x128 ./qf/qep_hsm.o
                0x00000998                QP::QHsm::dispatch(QP::QEvt const*, unsigned int)
 .text._ZN2QP2QF4AttrC2Ev
                0x00000ac0       0x20 ./qf/qf_act.o
                0x00000ac0                QP::QF::Attr::Attr()
                0x00000ac0                QP::QF::Attr::Attr()
 .text._Z41__static_initialization_and_destruction_0v
                0x00000ae0       0x10 ./qf/qf_act.o
 .text._ZN2QP2QF6bzero_EPvj
                0x00000af0       0x10 ./qf/qf_act.o
                0x00000af0                QP::QF::bzero_(void*, unsigned int)
 .text._GLOBAL__sub_I__ZN2QP7QActive9registry_E
                0x00000b00        0x8 ./qf/qf_act.o
 .text._ZN2QP7QActive5post_EPKNS_4QEvtEjPKv
                0x00000b08       0xc0 ./qf/qf_actq.o
                0x00000b08                QP::QActive::post_(QP::QEvt const*, unsigned int, void const*)
 .text._ZN2QP7QActive4get_Ev
                0x00000bc8       0x64 ./qf/qf_actq.o
                0x00000bc8                QP::QActive::get_()
 .text._ZN2QP2QF2gcEPKNS_4QEvtE
                0x00000c2c       0x84 ./qf/qf_dyn.o
                0x00000c2c                QP::QF::gc(QP::QEvt const*)
 .text._ZN2QP6QMPool3putEPvj
                0x00000cb0       0x44 ./qf/qf_mem.o
                0x00000cb0                QP::QMPool::put(void*, unsigned int)
 .text._ZN2QP7QActive4initEj
                0x00000cf4        0xe ./qf/qf_qact.o
                0x00000cf4                QP::QActive::init(unsigned int)
 *fill*         0x00000d02        0x2 
 .text._ZN2QP7QActiveC2EPFjPvPKNS_4QEvtEE
                0x00000d04       0x38 ./qf/qf_qact.o
                0x00000d04                QP::QActive::QActive(unsigned int (*)(void*, QP::QEvt const*))
                0x00000d04                QP::QActive::QActive(unsigned int (*)(void*, QP::QEvt const*))
 .text._ZN2QP7QActive9register_Ev
                0x00000d3c       0x9c ./qf/qf_qact.o
                0x00000d3c                QP::QActive::register_()
 .text._ZN2QP7QActive8dispatchEPKNS_4QEvtEj
                0x00000dd8        0x8 ./qf/qf_qact.o
                0x00000dd8                QP::QActive::dispatch(QP::QEvt const*, unsigned int)
 .text._ZN2QP7QActive4initEPKvj
                0x00000de0        0x8 ./qf/qf_qact.o
                0x00000de0                QP::QActive::init(void const*, unsigned int)
 .text._ZN2QP7QEQueue4initEPPKNS_4QEvtEj
                0x00000de8       0x20 ./qf/qf_qeq.o
                0x00000de8                QP::QEQueue::init(QP::QEvt const**, unsigned int)
 .text._ZN2QP8QTimeEvtC2EPNS_7QActiveEtj
                0x00000e08       0x3c ./qf/qf_time.o
                0x00000e08                QP::QTimeEvt::QTimeEvt(QP::QActive*, unsigned short, unsigned int)
                0x00000e08                QP::QTimeEvt::QTimeEvt(QP::QActive*, unsigned short, unsigned int)
 .text._ZN2QP8QTimeEvt4armXEmm
                0x00000e44       0x70 ./qf/qf_time.o
                0x00000e44                QP::QTimeEvt::armX(unsigned long, unsigned long)
 .text._ZN2QP8QTimeEvt6disarmEv
                0x00000eb4       0x2e ./qf/qf_time.o
                0x00000eb4                QP::QTimeEvt::disarm()
 *fill*         0x00000ee2        0x2 
 .text._ZN2QP8QTimeEvt4tickEjPKv
                0x00000ee4       0xc0 ./qf/qf_time.o
                0x00000ee4                QP::QTimeEvt::tick(unsigned int, void const*)
 .text._ZN2QP8QTimeEvtC2Ev
                0x00000fa4       0x18 ./qf/qf_time.o
                0x00000fa4                QP::QTimeEvt::QTimeEvt()
                0x00000fa4                QP::QTimeEvt::QTimeEvt()
 .text._Z41__static_initialization_and_destruction_0v
                0x00000fbc       0x1c ./qf/qf_time.o
 .text._GLOBAL__sub_I__ZN2QP8QTimeEvt12timeEvtHead_E
                0x00000fd8        0x8 ./qf/qf_time.o
 .text.QV_init  0x00000fe0        0x2 ./gnu/qv_port.o
                0x00000fe0                QV_init
 *fill*         0x00000fe2        0x2 
 .text.QF_qlog2
                0x00000fe4       0x38 ./gnu/qv_port.o
                0x00000fe4                QF_qlog2
 .text._ZN5USBDM3Ics16startupConfigureEv
                0x0000101c       0x38 ./Startup_Code/ics.o
                0x0000101c                USBDM::Ics::startupConfigure()
 .text.clock_initialise
                0x00001054       0x1c ./Startup_Code/ics.o
                0x00001054                clock_initialise
 .text._exit    0x00001070        0x4 ./Startup_Code/newlib_stubs.o
                0x00001070                _exit
 .text.__cxa_pure_virtual
                0x00001074        0x8 ./Startup_Code/system-gcc.o
                0x00001074                __cxa_pure_virtual
 .text.console_initialise
                0x0000107c        0x2 ./Startup_Code/system.o
                0x0000107c                console_initialise
 .text.rtc_initialise
                0x0000107e        0x2 ./Startup_Code/system.o
                0x0000107e                rtc_initialise
 .text.software_init_hook
                0x00001080        0x2 ./Startup_Code/system.o
                0x00001080                software_init_hook
 *fill*         0x00001082        0x2 
 .text.SystemInitLowLevel
                0x00001084       0x38 ./Startup_Code/system.o
                0x00001084                SystemInitLowLevel
 .text.SystemInit
                0x000010bc       0x24 ./Startup_Code/system.o
                0x000010bc                SystemInit
 .text.Default_Handler
                0x000010e0       0x14 ./Startup_Code/vectors.o
                0x000010e0                RTC_Alarm_IRQHandler
                0x000010e0                I2C0_IRQHandler
                0x000010e0                PendSV_Handler
                0x000010e0                NMI_Handler
                0x000010e0                UART0_IRQHandler
                0x000010e0                ADC0_IRQHandler
                0x000010e0                FTMRE_IRQHandler
                0x000010e0                IRQ_IRQHandler
                0x000010e0                Default_Handler
                0x000010e0                ACMP0_IRQHandler
                0x000010e0                PWT_IRQHandler
                0x000010e0                SVC_Handler
                0x000010e0                ICS_IRQHandler
                0x000010e0                KBI0_IRQHandler
                0x000010e0                PMC_IRQHandler
                0x000010e0                SPI0_IRQHandler
                0x000010e0                FTM0_IRQHandler
                0x000010e0                WDOG_IRQHandler
                0x000010e0                FTM2_IRQHandler
                0x000010e0                ACMP1_IRQHandler
                0x000010e0                KBI1_IRQHandler
 .text.HardFault_Handler
                0x000010f4        0x4 ./Startup_Code/vectors.o
                0x000010f4                HardFault_Handler
 .text._ZN5USBDM9PitBase_TINS_7PitInfoEE10irqHandlerILNS_13PitChannelNumE0EEEvv
                0x000010f8       0x3c ./Startup_Code/vectors.o
                0x000010f8                void USBDM::PitBase_T<USBDM::PitInfo>::irqHandler<(USBDM::PitChannelNum)0>()
 .text._ZN5USBDM9PitBase_TINS_7PitInfoEE10irqHandlerILNS_13PitChannelNumE1EEEvv
                0x00001134       0x40 ./Startup_Code/vectors.o
                0x00001134                void USBDM::PitBase_T<USBDM::PitInfo>::irqHandler<(USBDM::PitChannelNum)1>()
 .text._ZN25DustCollectorStateMachineD2Ev
                0x00001174        0xc ./Sources/DustCollector.o
                0x00001174                DustCollectorStateMachine::~DustCollectorStateMachine()
                0x00001174                DustCollectorStateMachine::~DustCollectorStateMachine()
 .text._ZN25DustCollectorStateMachineD0Ev
                0x00001180       0x18 ./Sources/DustCollector.o
                0x00001180                DustCollectorStateMachine::~DustCollectorStateMachine()
 .text._ZN25DustCollectorStateMachineC2Ev
                0x00001198       0x28 ./Sources/DustCollector.o
                0x00001198                DustCollectorStateMachine::DustCollectorStateMachine()
                0x00001198                DustCollectorStateMachine::DustCollectorStateMachine()
 .text._Z41__static_initialization_and_destruction_0v
                0x000011c0       0x24 ./Sources/DustCollector.o
 .text._ZN25DustCollectorStateMachine9initial_hEPKN2QP4QEvtE
                0x000011e4        0xc ./Sources/DustCollector.o
                0x000011e4                DustCollectorStateMachine::initial_h(QP::QEvt const*)
 .text._ZN25DustCollectorStateMachine7initialEPvPKN2QP4QEvtE
                0x000011f0        0x8 ./Sources/DustCollector.o
                0x000011f0                DustCollectorStateMachine::initial(void*, QP::QEvt const*)
 .text._ZN5USBDM6Gpio_TILNS_8PinIndexE13ELNS_8PolarityE0EE11setInactiveEv
                0x000011f8       0x10 ./Sources/DustCollector.o
                0x000011f8                USBDM::Gpio_T<(USBDM::PinIndex)13, (USBDM::Polarity)0>::setInactive()
 .text._ZN25DustCollectorStateMachine6Idle_hEPKN2QP4QEvtE
                0x00001208       0x2c ./Sources/DustCollector.o
                0x00001208                DustCollectorStateMachine::Idle_h(QP::QEvt const*)
 .text._ZN25DustCollectorStateMachine4IdleEPvPKN2QP4QEvtE
                0x00001234        0x8 ./Sources/DustCollector.o
                0x00001234                DustCollectorStateMachine::Idle(void*, QP::QEvt const*)
 .text._ZN5USBDM6Gpio_TILNS_8PinIndexE13ELNS_8PolarityE0EE9setActiveEv
                0x0000123c       0x10 ./Sources/DustCollector.o
                0x0000123c                USBDM::Gpio_T<(USBDM::PinIndex)13, (USBDM::Polarity)0>::setActive()
 .text._ZN25DustCollectorStateMachine11Operating_hEPKN2QP4QEvtE
                0x0000124c       0x2c ./Sources/DustCollector.o
                0x0000124c                DustCollectorStateMachine::Operating_h(QP::QEvt const*)
 .text._ZN25DustCollectorStateMachine9OperatingEPvPKN2QP4QEvtE
                0x00001278        0x8 ./Sources/DustCollector.o
                0x00001278                DustCollectorStateMachine::Operating(void*, QP::QEvt const*)
 .text._ZN5USBDM6Gpio_TILNS_8PinIndexE14ELNS_8PolarityE4294967295EE9setActiveEv
                0x00001280       0x10 ./Sources/DustCollector.o
                0x00001280                USBDM::Gpio_T<(USBDM::PinIndex)14, (USBDM::Polarity)4294967295>::setActive()
 .text._ZN5USBDM6Gpio_TILNS_8PinIndexE14ELNS_8PolarityE4294967295EE11setInactiveEv
                0x00001290       0x10 ./Sources/DustCollector.o
                0x00001290                USBDM::Gpio_T<(USBDM::PinIndex)14, (USBDM::Polarity)4294967295>::setInactive()
 .text._ZN25DustCollectorStateMachine6Hold_hEPKN2QP4QEvtE
                0x000012a0       0x68 ./Sources/DustCollector.o
                0x000012a0                DustCollectorStateMachine::Hold_h(QP::QEvt const*)
 .text._ZN25DustCollectorStateMachine4HoldEPvPKN2QP4QEvtE
                0x00001308        0x8 ./Sources/DustCollector.o
                0x00001308                DustCollectorStateMachine::Hold(void*, QP::QEvt const*)
 .text._ZN5USBDM6Gpio_TILNS_8PinIndexE15ELNS_8PolarityE4294967295EE9setActiveEv
                0x00001310       0x10 ./Sources/DustCollector.o
                0x00001310                USBDM::Gpio_T<(USBDM::PinIndex)15, (USBDM::Polarity)4294967295>::setActive()
 .text._ZN5USBDM6Gpio_TILNS_8PinIndexE15ELNS_8PolarityE4294967295EE11setInactiveEv
                0x00001320       0x10 ./Sources/DustCollector.o
                0x00001320                USBDM::Gpio_T<(USBDM::PinIndex)15, (USBDM::Polarity)4294967295>::setInactive()
 .text._ZN25DustCollectorStateMachine7Delay_hEPKN2QP4QEvtE
                0x00001330       0x68 ./Sources/DustCollector.o
                0x00001330                DustCollectorStateMachine::Delay_h(QP::QEvt const*)
 .text._ZN25DustCollectorStateMachine5DelayEPvPKN2QP4QEvtE
                0x00001398        0x8 ./Sources/DustCollector.o
                0x00001398                DustCollectorStateMachine::Delay(void*, QP::QEvt const*)
 .text._GLOBAL__sub_I_AO_DustCollectorStateMachine
                0x000013a0        0x8 ./Sources/DustCollector.o
 .text._ZN5USBDM12PitBasicInfo17unhandledCallbackEv
                0x000013a8       0x14 ./Sources/Sampler.o
                0x000013a8                USBDM::PitBasicInfo::unhandledCallback()
 .text._ZN5USBDM9AdcBase_TINS_8Adc0InfoEE7ChannelILi7EE12readAnalogueEv
                0x000013bc       0x24 ./Sources/Sampler.o
                0x000013bc                USBDM::AdcBase_T<USBDM::Adc0Info>::Channel<7>::readAnalogue()
 .text._ZN7Sampler14getDetectLevelEv
                0x000013e0       0x14 ./Sources/Sampler.o
                0x000013e0                Sampler::getDetectLevel()
 .text._ZN5USBDM11GpioField_TILNS_8PinIndexE15ELS1_12ELm12EE9setOutputEv
                0x000013f4       0x24 ./Sources/Sampler.o
                0x000013f4                USBDM::GpioField_T<(USBDM::PinIndex)15, (USBDM::PinIndex)12, 12ul>::setOutput()
 .text._ZN5USBDM9AdcBase_TINS_8Adc0InfoEE9configureERKNS_12AdcBasicInfo4InitE
                0x00001418       0x30 ./Sources/Sampler.o
                0x00001418                USBDM::AdcBase_T<USBDM::Adc0Info>::configure(USBDM::AdcBasicInfo::Init const&)
 .text._ZN5USBDM6Gpio_TILNS_8PinIndexE12ELNS_8PolarityE0EE9setOutputEv
                0x00001448       0x1c ./Sources/Sampler.o
                0x00001448                USBDM::Gpio_T<(USBDM::PinIndex)12, (USBDM::Polarity)0>::setOutput()
 .text._ZN5USBDM9AdcBase_TINS_8Adc0InfoEE7ChannelILi5EE12readAnalogueEv
                0x00001464       0x24 ./Sources/Sampler.o
                0x00001464                USBDM::AdcBase_T<USBDM::Adc0Info>::Channel<5>::readAnalogue()
 .text._ZN7Sampler12getDelayTimeEv
                0x00001488       0x20 ./Sources/Sampler.o
                0x00001488                Sampler::getDelayTime()
 .text._ZN5USBDM9AdcBase_TINS_8Adc0InfoEE7ChannelILi6EE12readAnalogueEv
                0x000014a8       0x24 ./Sources/Sampler.o
                0x000014a8                USBDM::AdcBase_T<USBDM::Adc0Info>::Channel<6>::readAnalogue()
 .text._ZN7Sampler11getHoldTimeEv
                0x000014cc       0x24 ./Sources/Sampler.o
                0x000014cc                Sampler::getHoldTime()
 .text._ZN5USBDM6Gpio_TILNS_8PinIndexE12ELNS_8PolarityE0EE6toggleEv
                0x000014f0       0x10 ./Sources/Sampler.o
                0x000014f0                USBDM::Gpio_T<(USBDM::PinIndex)12, (USBDM::Polarity)0>::toggle()
 .text._ZN5USBDM9AdcBase_TINS_8Adc0InfoEE7ChannelILi4EE12readAnalogueEv
                0x00001500       0x24 ./Sources/Sampler.o
                0x00001500                USBDM::AdcBase_T<USBDM::Adc0Info>::Channel<4>::readAnalogue()
 .text._ZN5USBDM9AdcBase_TINS_8Adc0InfoEE7ChannelILi1EE12readAnalogueEv
                0x00001524       0x24 ./Sources/Sampler.o
                0x00001524                USBDM::AdcBase_T<USBDM::Adc0Info>::Channel<1>::readAnalogue()
 .text._ZN7Sampler13timerCallbackEv
                0x00001548      0x10c ./Sources/Sampler.o
                0x00001548                Sampler::timerCallback()
 .text._ZN5USBDM9PitBase_TINS_7PitInfoEE11setCallbackENS_13PitChannelNumEPFvvE
                0x00001654       0x34 ./Sources/Sampler.o
                0x00001654                USBDM::PitBase_T<USBDM::PitInfo>::setCallback(USBDM::PitChannelNum, void (*)())
 .text._ZN5USBDM9PitBase_TINS_7PitInfoEE20enableNvicInterruptsENS_13PitChannelNumENS_12NvicPriorityE
                0x00001688       0x24 ./Sources/Sampler.o
                0x00001688                USBDM::PitBase_T<USBDM::PitInfo>::enableNvicInterrupts(USBDM::PitChannelNum, USBDM::NvicPriority)
 .text._ZN5USBDM9PitBase_TINS_7PitInfoEE16defaultConfigureEv
                0x000016ac       0x48 ./Sources/Sampler.o
                0x000016ac                USBDM::PitBase_T<USBDM::PitInfo>::defaultConfigure()
 .text._ZN5USBDM9PitBase_TINS_7PitInfoEE24defaultConfigureIfNeededEv
                0x000016f4       0x28 ./Sources/Sampler.o
                0x000016f4                USBDM::PitBase_T<USBDM::PitInfo>::defaultConfigureIfNeeded()
 .text._ZN5USBDM9PitBase_TINS_7PitInfoEE9configureENS_13PitChannelNumERKNS_12PitBasicInfo11ChannelInitE
                0x0000171c       0x44 ./Sources/Sampler.o
                0x0000171c                USBDM::PitBase_T<USBDM::PitInfo>::configure(USBDM::PitChannelNum, USBDM::PitBasicInfo::ChannelInit const&)
 .text._ZN5USBDM9PitBase_TINS_7PitInfoEE9configureERKNS_12PitBasicInfo11ChannelInitE
                0x00001760        0xc ./Sources/Sampler.o
                0x00001760                USBDM::PitBase_T<USBDM::PitInfo>::configure(USBDM::PitBasicInfo::ChannelInit const&)
 .text._ZN7Sampler4initEv
                0x0000176c       0x54 ./Sources/Sampler.o
                0x0000176c                Sampler::init()
 .text._ZN3BSP4initEv
                0x000017c0        0x8 ./Sources/bsp.o
                0x000017c0                BSP::init()
 .text._ZN2QP2QF9onStartupEv
                0x000017c8       0x3c ./Sources/bsp.o
                0x000017c8                QP::QF::onStartup()
 .text._ZN2QP2QV6onIdleEv
                0x00001804        0x4 ./Sources/bsp.o
                0x00001804                QP::QV::onIdle()
 .text.SysTick_Handler
                0x00001808       0x54 ./Sources/bsp.o
                0x00001808                SysTick_Handler
 .text.Q_onError
                0x0000185c        0xa ./Sources/bsp.o
                0x0000185c                Q_onError
 *fill*         0x00001866        0x2 
 .text.main     0x00001868       0x34 ./Sources/main.o
                0x00001868                main
 .text.NVIC_EnableIRQ
                0x0000189c       0x14 ./Sources/usbdmError.o
 .text.NVIC_ClearPendingIRQ
                0x000018b0       0x18 ./Sources/usbdmError.o
 .text.NVIC_SetPriority
                0x000018c8       0x60 ./Sources/usbdmError.o
 .text._ZN5USBDM10checkErrorEv
                0x00001928       0x18 ./Sources/usbdmError.o
                0x00001928                USBDM::checkError()
 .text._ZN5USBDM19enableNvicInterruptE9IRQn_Typem
                0x00001940       0x1a ./Sources/usbdmError.o
                0x00001940                USBDM::enableNvicInterrupt(IRQn_Type, unsigned long)
 .text.__aeabi_atexit
                0x0000195a        0xe /opt/eclipse-usbdm/arm-gnu-toolchain-13.2.Rel1-x86_64-arm-none-eabi/bin/../lib/gcc/arm-none-eabi/13.2.1/../../../../arm-none-eabi/lib/thumb/v6-m/nofp/libstdc++_nano.a(atexit_arm.o)
                0x0000195a                __aeabi_atexit
 .text._ZdlPvj  0x00001968        0x8 /opt/eclipse-usbdm/arm-gnu-toolchain-13.2.Rel1-x86_64-arm-none-eabi/bin/../lib/gcc/arm-none-eabi/13.2.1/../../../../arm-none-eabi/lib/thumb/v6-m/nofp/libstdc++_nano.a(del_ops.o)
                0x00001968                operator delete(void*, unsigned int)
 .text._ZdlPv   0x00001970        0x8 /opt/eclipse-usbdm/arm-gnu-toolchain-13.2.Rel1-x86_64-arm-none-eabi/bin/../lib/gcc/arm-none-eabi/13.2.1/../../../../arm-none-eabi/lib/thumb/v6-m/nofp/libstdc++_nano.a(del_op.o)
                0x00001970                operator delete(void*)
 .text.exit     0x00001978       0x28 /opt/eclipse-usbdm/arm-gnu-toolchain-13.2.Rel1-x86_64-arm-none-eabi/bin/../lib/gcc/arm-none-eabi/13.2.1/../../../../arm-none-eabi/lib/thumb/v6-m/nofp/libg_nano.a(libc_a-exit.o)
                0x00001978                exit
 .text.__libc_init_array
                0x000019a0       0x48 /opt/eclipse-usbdm/arm-gnu-toolchain-13.2.Rel1-x86_64-arm-none-eabi/bin/../lib/gcc/arm-none-eabi/13.2.1/../../../../arm-none-eabi/lib/thumb/v6-m/nofp/libg_nano.a(libc_a-init.o)
                0x000019a0                __libc_init_array
 .text.free     0x000019e8       0x14 /opt/eclipse-usbdm/arm-gnu-toolchain-13.2.Rel1-x86_64-arm-none-eabi/bin/../lib/gcc/arm-none-eabi/13.2.1/../../../../arm-none-eabi/lib/thumb/v6-m/nofp/libg_nano.a(libc_a-malloc.o)
                0x000019e8                free
 .text.__cxa_atexit
                0x000019fc       0x1c /opt/eclipse-usbdm/arm-gnu-toolchain-13.2.Rel1-x86_64-arm-none-eabi/bin/../lib/gcc/arm-none-eabi/13.2.1/../../../../arm-none-eabi/lib/thumb/v6-m/nofp/libg_nano.a(libc_a-cxa_atexit.o)
                0x000019fc                __cxa_atexit
 .text.__malloc_lock
                0x00001a18       0x10 /opt/eclipse-usbdm/arm-gnu-toolchain-13.2.Rel1-x86_64-arm-none-eabi/bin/../lib/gcc/arm-none-eabi/13.2.1/../../../../arm-none-eabi/lib/thumb/v6-m/nofp/libg_nano.a(libc_a-mlock.o)
                0x00001a18                __malloc_lock
 .text.__malloc_unlock
                0x00001a28       0x10 /opt/eclipse-usbdm/arm-gnu-toolchain-13.2.Rel1-x86_64-arm-none-eabi/bin/../lib/gcc/arm-none-eabi/13.2.1/../../../../arm-none-eabi/lib/thumb/v6-m/nofp/libg_nano.a(libc_a-mlock.o)
                0x00001a28                __malloc_unlock
 .text.memset   0x00001a38       0x10 /opt/eclipse-usbdm/arm-gnu-toolchain-13.2.Rel1-x86_64-arm-none-eabi/bin/../lib/gcc/arm-none-eabi/13.2.1/../../../../arm-none-eabi/lib/thumb/v6-m/nofp/libg_nano.a(libc_a-memset.o)
                0x00001a38                memset
 .text._free_r  0x00001a48       0x94 /opt/eclipse-usbdm/arm-gnu-toolchain-13.2.Rel1-x86_64-arm-none-eabi/bin/../lib/gcc/arm-none-eabi/13.2.1/../../../../arm-none-eabi/lib/thumb/v6-m/nofp/libg_nano.a(libc_a-freer.o)
                0x00001a48                _free_r
 .text.__retarget_lock_acquire_recursive
                0x00001adc        0x2 /opt/eclipse-usbdm/arm-gnu-toolchain-13.2.Rel1-x86_64-arm-none-eabi/bin/../lib/gcc/arm-none-eabi/13.2.1/../../../../arm-none-eabi/lib/thumb/v6-m/nofp/libg_nano.a(libc_a-lock.o)
                0x00001adc                __retarget_lock_acquire_recursive
 .text.__retarget_lock_release_recursive
                0x00001ade        0x2 /opt/eclipse-usbdm/arm-gnu-toolchain-13.2.Rel1-x86_64-arm-none-eabi/bin/../lib/gcc/arm-none-eabi/13.2.1/../../../../arm-none-eabi/lib/thumb/v6-m/nofp/libg_nano.a(libc_a-lock.o)
                0x00001ade                __retarget_lock_release_recursive
 *(.init)
 .init          0x00001ae0        0x4 /opt/eclipse-usbdm/arm-gnu-toolchain-13.2.Rel1-x86_64-arm-none-eabi/bin/../lib/gcc/arm-none-eabi/13.2.1/thumb/v6-m/nofp/crti.o
                0x00001ae0                _init
 .init          0x00001ae4        0x8 /opt/eclipse-usbdm/arm-gnu-toolchain-13.2.Rel1-x86_64-arm-none-eabi/bin/../lib/gcc/arm-none-eabi/13.2.1/thumb/v6-m/nofp/crtn.o
 *(.fini)
 .fini          0x00001aec        0x4 /opt/eclipse-usbdm/arm-gnu-toolchain-13.2.Rel1-x86_64-arm-none-eabi/bin/../lib/gcc/arm-none-eabi/13.2.1/thumb/v6-m/nofp/crti.o
                0x00001aec                _fini
 .fini          0x00001af0        0x8 /opt/eclipse-usbdm/arm-gnu-toolchain-13.2.Rel1-x86_64-arm-none-eabi/bin/../lib/gcc/arm-none-eabi/13.2.1/thumb/v6-m/nofp/crtn.o
                0x00001af8                        __CTOR_LIST__ = .
 *crtbegin.o(.ctors)
 *crtbegin?.o(.ctors)
 *(EXCLUDE_FILE(*crtend.o *crtend?.o) .ctors)
 *(SORT_BY_NAME(.ctors.*))
 *(.ctors)
                0x00001af8                        __CTOR_END__ = .
                0x00001af8                        __DTOR_LIST__ = .
 *crtbegin.o(.dtors)
 *crtbegin?.o(.dtors)
 *(EXCLUDE_FILE(*crtend.o *crtend?.o) .dtors)
 *(SORT_BY_NAME(.dtors.*))
 *(.dtors)
                0x00001af8                        __DTOR_END__ = .
                0x00001af8                        . = ALIGN (0x4)
                0x00001af8                        PROVIDE (__preinit_array_start = .)
 *(.preinit_array*)
                0x00001af8                        PROVIDE (__preinit_array_end = .)
                0x00001af8                        . = ALIGN (0x4)
                0x00001af8                        PROVIDE (__init_array_start = .)
 *(SORT_BY_NAME(.init_array.*))
 *(.init_array*)
 .init_array    0x00001af8        0x4 /opt/eclipse-usbdm/arm-gnu-toolchain-13.2.Rel1-x86_64-arm-none-eabi/bin/../lib/gcc/arm-none-eabi/13.2.1/thumb/v6-m/nofp/crtbegin.o
 .init_array    0x00001afc        0x4 ./qf/qf_act.o
 .init_array    0x00001b00        0x4 ./qf/qf_time.o
 .init_array    0x00001b04        0x4 ./Startup_Code/system.o
 .init_array    0x00001b08        0x4 ./Sources/DustCollector.o
                0x00001b0c                        PROVIDE (__init_array_end = .)
                0x00001b0c                        . = ALIGN (0x4)
                [!provide]                        PROVIDE (__fini_array_start = .)
 *(SORT_BY_NAME(.fini_array.*))
 *(.fini_array*)
 .fini_array    0x00001b0c        0x4 /opt/eclipse-usbdm/arm-gnu-toolchain-13.2.Rel1-x86_64-arm-none-eabi/bin/../lib/gcc/arm-none-eabi/13.2.1/thumb/v6-m/nofp/crtbegin.o
                [!provide]                        PROVIDE (__fini_array_end = .)
 *(.jcr*)
 *(.eh_frame*)
 .eh_frame      0x00001b10        0x0 /opt/eclipse-usbdm/arm-gnu-toolchain-13.2.Rel1-x86_64-arm-none-eabi/bin/../lib/gcc/arm-none-eabi/13.2.1/thumb/v6-m/nofp/crtbegin.o
 .eh_frame      0x00001b10        0x4 /opt/eclipse-usbdm/arm-gnu-toolchain-13.2.Rel1-x86_64-arm-none-eabi/bin/../lib/gcc/arm-none-eabi/13.2.1/thumb/v6-m/nofp/crtend.o

.glue_7         0x00001b14        0x0
 .glue_7        0x00001b14        0x0 linker stubs

.glue_7t        0x00001b14        0x0
 .glue_7t       0x00001b14        0x0 linker stubs

.vfp11_veneer   0x00001b14        0x0
 .vfp11_veneer  0x00001b14        0x0 linker stubs

.v4_bx          0x00001b14        0x0
 .v4_bx         0x00001b14        0x0 linker stubs

.iplt           0x00001b14        0x0
 .iplt          0x00001b14        0x0 /opt/eclipse-usbdm/arm-gnu-toolchain-13.2.Rel1-x86_64-arm-none-eabi/bin/../lib/gcc/arm-none-eabi/13.2.1/thumb/v6-m/nofp/crtbegin.o

.rodata         0x00001b14       0xbe
 *(.rodata)
 *(.rodata*)
 .rodata._ZN12_GLOBAL__N_1L14Q_this_module_E
                0x00001b14        0x3 ./qv/qv.o
 *fill*         0x00001b17        0x1 
 .rodata._ZTVN2QP4QAsmE
                0x00001b18       0x14 ./qf/qep_hsm.o
                0x00001b18                vtable for QP::QAsm
 .rodata._ZN12_GLOBAL__N_1L14l_reservedEvt_E
                0x00001b2c       0x10 ./qf/qep_hsm.o
 .rodata._ZN12_GLOBAL__N_1L14Q_this_module_E
                0x00001b3c        0x8 ./qf/qep_hsm.o
 .rodata._ZN12_GLOBAL__N_1L14Q_this_module_E
                0x00001b44        0x8 ./qf/qf_actq.o
 .rodata._ZN12_GLOBAL__N_1L14Q_this_module_E
                0x00001b4c        0x7 ./qf/qf_dyn.o
 *fill*         0x00001b53        0x1 
 .rodata._ZN12_GLOBAL__N_1L14Q_this_module_E
                0x00001b54        0x7 ./qf/qf_mem.o
 *fill*         0x00001b5b        0x1 
 .rodata._ZTVN2QP7QActiveE
                0x00001b5c       0x14 ./qf/qf_qact.o
                0x00001b5c                vtable for QP::QActive
 .rodata._ZN12_GLOBAL__N_1L14Q_this_module_E
                0x00001b70        0x8 ./qf/qf_qact.o
 .rodata._ZN12_GLOBAL__N_1L14Q_this_module_E
                0x00001b78        0x8 ./qf/qf_time.o
 .rodata._ZTV25DustCollectorStateMachine
                0x00001b80       0x1c ./Sources/DustCollector.o
                0x00001b80                vtable for DustCollectorStateMachine
 .rodata.AO_DustCollectorStateMachine
                0x00001b9c        0x4 ./Sources/DustCollector.o
                0x00001b9c                AO_DustCollectorStateMachine
 .rodata._ZZN7Sampler4initEvE16timerChannelInit
                0x00001ba0        0xc ./Sources/Sampler.o
 .rodata._ZZN7Sampler4initEvE7adcInit
                0x00001bac        0xa ./Sources/Sampler.o
 *fill*         0x00001bb6        0x2 
 .rodata._ZN5USBDM7PitInfo24DefaultChannelInitValuesE
                0x00001bb8       0x18 ./Sources/Sampler.o
                0x00001bb8                USBDM::PitInfo::DefaultChannelInitValues
 .rodata._ZN5USBDM7PitInfo7irqNumsE
                0x00001bd0        0x2 ./Sources/Sampler.o
                0x00001bd0                USBDM::PitInfo::irqNums

.ARM.extab
 *(.ARM.extab* .gnu.linkonce.armextab.*)
                0x00001bd2                        __exidx_start = .

.ARM.exidx      0x00001bd4        0x8
 *(.ARM.exidx* .gnu.linkonce.armexidx.*)
 .ARM.exidx     0x00001bd4        0x8 /opt/eclipse-usbdm/arm-gnu-toolchain-13.2.Rel1-x86_64-arm-none-eabi/bin/../lib/gcc/arm-none-eabi/13.2.1/../../../../arm-none-eabi/lib/thumb/v6-m/nofp/crt0.o
                                 0x10 (size before relaxing)
                0x00001bdc                        __exidx_end = .

.rel.dyn        0x00001bdc        0x0
 .rel.iplt      0x00001bdc        0x0 /opt/eclipse-usbdm/arm-gnu-toolchain-13.2.Rel1-x86_64-arm-none-eabi/bin/../lib/gcc/arm-none-eabi/13.2.1/thumb/v6-m/nofp/crtbegin.o

.flash          0x00001bdc        0x0
                0x00001bdc                        . = ALIGN (0x4)
 *(.flash)
                0x00001bdc                        __etext = .
                0x00001bdc                        __DATA_ROM = .

.mtb            0x1fffff00        0x0
                0x1fffff00                        . = ALIGN (0x8)
                0x1fffff00                        _mtb_start = .
 *(.mtb_buf)
                0x1fffff00                        . = ALIGN (0x8)
                0x1fffff00                        _mtb_end = .

.interrupts_ram
                0x1fffff00        0x0
                0x1fffff00                        . = ALIGN (0x4)
                0x1fffff00                        __VECTOR_RAM__ = .
                0x1fffff00                        __interrupts_ram_start__ = .
 *(.m_interrupts_ram)
                0x1fffff00                        . = (. + M_VECTOR_RAM_SIZE)
                0x1fffff00                        . = ALIGN (0x4)
                0x1fffff00                        __interrupts_ram_end__ = .
                0x00000000                        __VECTOR_RAM = DEFINED (__ram_vector_table__)?__VECTOR_RAM__:__VECTOR_TABLE
                0x00000000                        __RAM_VECTOR_TABLE_SIZE_BYTES = (__interrupts_ram_end__ - __interrupts_ram_start__)

.bdts
 *(.bss*endPointBdts*)

.data           0x1fffff00       0x6c load address 0x00001bdc
                0x1fffff00                        __data_start__ = .
                0x1fffff00                        __DATA_RAM = .
 *(vtable)
 *(.data*)
 .data.__dso_handle
                0x1fffff00        0x4 /opt/eclipse-usbdm/arm-gnu-toolchain-13.2.Rel1-x86_64-arm-none-eabi/bin/../lib/gcc/arm-none-eabi/13.2.1/thumb/v6-m/nofp/crtbegin.o
                0x1fffff00                __dso_handle
 .data._ZN5USBDM9PitBase_TINS_7PitInfoEE17allocatedChannelsE
                0x1fffff04        0x4 ./Sources/Sampler.o
                0x1fffff04                USBDM::PitBase_T<USBDM::PitInfo>::allocatedChannels
 .data._ZZN7Sampler13timerCallbackEvE17zeroCrossingLevel
                0x1fffff08        0x4 ./Sources/Sampler.o
 .data.evLoadOff
                0x1fffff0c        0x4 ./Sources/bsp.o
                0x1fffff0c                evLoadOff
 .data.evLoadOn
                0x1fffff10        0x4 ./Sources/bsp.o
                0x1fffff10                evLoadOn
 .data._ZN5USBDM7PitInfo10sCallbacksE
                0x1fffff14        0x8 ./Sources/hardware.o
                0x1fffff14                USBDM::PitInfo::sCallbacks
 .data._impure_ptr
                0x1fffff1c        0x4 /opt/eclipse-usbdm/arm-gnu-toolchain-13.2.Rel1-x86_64-arm-none-eabi/bin/../lib/gcc/arm-none-eabi/13.2.1/../../../../arm-none-eabi/lib/thumb/v6-m/nofp/libg_nano.a(libc_a-impure.o)
                0x1fffff1c                _impure_ptr
 .data._impure_data
                0x1fffff20       0x4c /opt/eclipse-usbdm/arm-gnu-toolchain-13.2.Rel1-x86_64-arm-none-eabi/bin/../lib/gcc/arm-none-eabi/13.2.1/../../../../arm-none-eabi/lib/thumb/v6-m/nofp/libg_nano.a(libc_a-impure.o)
                0x1fffff20                _impure_data
                0x1fffff6c                        . = ALIGN (0x4)
 *(.ram_functions)
                0x1fffff6c                        . = ALIGN (0x4)
                0x1fffff6c                        __data_end__ = .
                0x00001c48                        __DATA_END = (__DATA_ROM + SIZEOF (.data))
                0x00001bdc                        __data_image_start__ = LOADADDR (.data)

.tm_clone_table
                0x1fffff6c        0x0 load address 0x00001c48
 .tm_clone_table
                0x1fffff6c        0x0 /opt/eclipse-usbdm/arm-gnu-toolchain-13.2.Rel1-x86_64-arm-none-eabi/bin/../lib/gcc/arm-none-eabi/13.2.1/thumb/v6-m/nofp/crtbegin.o
 .tm_clone_table
                0x1fffff6c        0x0 /opt/eclipse-usbdm/arm-gnu-toolchain-13.2.Rel1-x86_64-arm-none-eabi/bin/../lib/gcc/arm-none-eabi/13.2.1/thumb/v6-m/nofp/crtend.o

.igot.plt       0x1fffff6c        0x0 load address 0x00001c48
 .igot.plt      0x1fffff6c        0x0 /opt/eclipse-usbdm/arm-gnu-toolchain-13.2.Rel1-x86_64-arm-none-eabi/bin/../lib/gcc/arm-none-eabi/13.2.1/thumb/v6-m/nofp/crtbegin.o

.noinit         0x1fffff6c        0x0 load address 0x00001c48
                0x1fffff6c                        . = ALIGN (0x4)
 *(.noinit)

.bss            0x20000000      0x2c4
                0x20000000                        . = ALIGN (0x4)
                0x20000000                        __START_BSS = .
                0x20000000                        __bss_start__ = .
 *(.bss)
 *(.bss*)
 .bss.completed.1
                0x20000000        0x1 /opt/eclipse-usbdm/arm-gnu-toolchain-13.2.Rel1-x86_64-arm-none-eabi/bin/../lib/gcc/arm-none-eabi/13.2.1/thumb/v6-m/nofp/crtbegin.o
 *fill*         0x20000001        0x3 
 .bss.object.0  0x20000004       0x18 /opt/eclipse-usbdm/arm-gnu-toolchain-13.2.Rel1-x86_64-arm-none-eabi/bin/../lib/gcc/arm-none-eabi/13.2.1/thumb/v6-m/nofp/crtbegin.o
 .bss._ZN2QP2QV5priv_E
                0x2000001c        0x8 ./qv/qv.o
                0x2000001c                QP::QV::priv_
 .bss._ZN2QP2QF5priv_E
                0x20000024       0x40 ./qf/qf_act.o
                0x20000024                QP::QF::priv_
 .bss._ZN2QP7QActive9registry_E
                0x20000064       0x84 ./qf/qf_act.o
                0x20000064                QP::QActive::registry_
 .bss._ZN2QP8QTimeEvt12timeEvtHead_E
                0x200000e8       0x14 ./qf/qf_time.o
                0x200000e8                QP::QTimeEvt::timeEvtHead_
 .bss._ZN5USBDM9PitBase_TINS_7PitInfoEE12clearOnEventE
                0x200000fc        0x1 ./Startup_Code/vectors.o
                0x200000fc                USBDM::PitBase_T<USBDM::PitInfo>::clearOnEvent
 *fill*         0x200000fd        0x3 
 .bss._ZN25DustCollectorStateMachine8instanceE
                0x20000100       0x38 ./Sources/DustCollector.o
                0x20000100                DustCollectorStateMachine::instance
 .bss._ZN7Sampler11accumulatorE
                0x20000138        0x4 ./Sources/Sampler.o
                0x20000138                Sampler::accumulator
 .bss._ZN7Sampler8loadIsOnE
                0x2000013c        0x1 ./Sources/Sampler.o
                0x2000013c                Sampler::loadIsOn
 *fill*         0x2000013d        0x3 
 .bss._ZN7Sampler11detectLevelE
                0x20000140        0x4 ./Sources/Sampler.o
                0x20000140                Sampler::detectLevel
 .bss._ZN7Sampler17samplesThisPeriodE
                0x20000144        0x4 ./Sources/Sampler.o
                0x20000144                Sampler::samplesThisPeriod
 .bss._ZZN7Sampler13timerCallbackEvE17threshAccumulator
                0x20000148        0x4 ./Sources/Sampler.o
 .bss._ZZN7Sampler13timerCallbackEvE11sampleCount
                0x2000014c        0x4 ./Sources/Sampler.o
 .bss._ZZ15SysTick_HandlerE5wasOn
                0x20000150        0x1 ./Sources/bsp.o
 *fill*         0x20000151        0x3 
 .bss._ZZ4mainE21dustCollectorQueueSto
                0x20000154       0x28 ./Sources/main.o
 .bss._ZN5USBDM9errorCodeE
                0x2000017c        0x4 ./Sources/usbdmError.o
                0x2000017c                USBDM::errorCode
 .bss.__malloc_free_list
                0x20000180        0x4 /opt/eclipse-usbdm/arm-gnu-toolchain-13.2.Rel1-x86_64-arm-none-eabi/bin/../lib/gcc/arm-none-eabi/13.2.1/../../../../arm-none-eabi/lib/thumb/v6-m/nofp/libg_nano.a(libc_a-mallocr.o)
                0x20000180                __malloc_free_list
 .bss.__sf      0x20000184      0x138 /opt/eclipse-usbdm/arm-gnu-toolchain-13.2.Rel1-x86_64-arm-none-eabi/bin/../lib/gcc/arm-none-eabi/13.2.1/../../../../arm-none-eabi/lib/thumb/v6-m/nofp/libg_nano.a(libc_a-findfp.o)
                0x20000184                __sf
 .bss.__stdio_exit_handler
                0x200002bc        0x4 /opt/eclipse-usbdm/arm-gnu-toolchain-13.2.Rel1-x86_64-arm-none-eabi/bin/../lib/gcc/arm-none-eabi/13.2.1/../../../../arm-none-eabi/lib/thumb/v6-m/nofp/libg_nano.a(libc_a-findfp.o)
                0x200002bc                __stdio_exit_handler
 .bss.__lock___malloc_recursive_mutex
                0x200002c0        0x1 /opt/eclipse-usbdm/arm-gnu-toolchain-13.2.Rel1-x86_64-arm-none-eabi/bin/../lib/gcc/arm-none-eabi/13.2.1/../../../../arm-none-eabi/lib/thumb/v6-m/nofp/libg_nano.a(libc_a-lock.o)
                0x200002c0                __lock___malloc_recursive_mutex
 *(COMMON)
                0x200002c4                        . = ALIGN (0x4)
 *fill*         0x200002c1        0x3 
                0x200002c4                        __bss_end__ = .
                0x200002c4                        __END_BSS = .

.heap           0x1fffff6c        0x0
                0x1fffff6c                        . = ALIGN (0x4)
                [!provide]                        PROVIDE (__end__ = .)
                [!provide]                        PROVIDE (end = .)
                [!provide]                        PROVIDE (_end = .)
                0x1fffff6c                        __HeapBase = .
                0x1fffff6c                        __heap_addr = .
                0x1fffff6c                        . = (. + __heap_size__)
                0x1fffff70                        __HeapLimit = MIN (ABSOLUTE (((ORIGIN (heap_ram) + LENGTH (heap_ram)) - 0x1)), __StackLimit)
                [!provide]                        PROVIDE (__sram_u_size = 0x0)

.stack          0x1fffff6c       0x94
                0x1fffff6d                        . = MAX (., ABSOLUTE (((((ORIGIN (stack_ram) + LENGTH (stack_ram)) - __stack_size__) - __sram_u_size) - 0x3)))
 *fill*         0x1fffff6c        0x1 
                0x1fffff70                        . = ALIGN (0x4)
 *fill*         0x1fffff6d        0x3 
                0x1fffff70                        __StackLimit = .
                0x20000000                        . = (. + __stack_size__)
 *fill*         0x1fffff70       0x90 
                0x20000000                        __StackTop = .
                0x20000000                        PROVIDE (__stack = __StackTop)
                [!provide]                        PROVIDE (__cs3_stack = __StackTop)
                0x00000000                        PROVIDE (_write = _usbdm_write)
                0x00000000                        PROVIDE (_read = _usbdm_read)
OUTPUT(DustCollector_QM.elf elf32-littlearm)
LOAD linker stubs

.ARM.attributes
                0x00000000       0x28
 .ARM.attributes
                0x00000000       0x1e /opt/eclipse-usbdm/arm-gnu-toolchain-13.2.Rel1-x86_64-arm-none-eabi/bin/../lib/gcc/arm-none-eabi/13.2.1/thumb/v6-m/nofp/crti.o
 .ARM.attributes
                0x0000001e       0x2c /opt/eclipse-usbdm/arm-gnu-toolchain-13.2.Rel1-x86_64-arm-none-eabi/bin/../lib/gcc/arm-none-eabi/13.2.1/thumb/v6-m/nofp/crtbegin.o
 .ARM.attributes
                0x0000004a       0x1b /opt/eclipse-usbdm/arm-gnu-toolchain-13.2.Rel1-x86_64-arm-none-eabi/bin/../lib/gcc/arm-none-eabi/13.2.1/../../../../arm-none-eabi/lib/thumb/v6-m/nofp/crt0.o
 .ARM.attributes
                0x00000065       0x2c ./qv/qv.o
 .ARM.attributes
                0x00000091       0x2c ./qf/qep_hsm.o
 .ARM.attributes
                0x000000bd       0x2c ./qf/qf_act.o
 .ARM.attributes
                0x000000e9       0x2c ./qf/qf_actq.o
 .ARM.attributes
                0x00000115       0x2c ./qf/qf_dyn.o
 .ARM.attributes
                0x00000141       0x2c ./qf/qf_mem.o
 .ARM.attributes
                0x0000016d       0x2c ./qf/qf_qact.o
 .ARM.attributes
                0x00000199       0x2c ./qf/qf_qeq.o
 .ARM.attributes
                0x000001c5       0x2c ./qf/qf_time.o
 .ARM.attributes
                0x000001f1       0x2c ./gnu/qv_port.o
 .ARM.attributes
                0x0000021d       0x2c ./Startup_Code/ics.o
 .ARM.attributes
                0x00000249       0x2c ./Startup_Code/newlib_stubs.o
 .ARM.attributes
                0x00000275       0x2c ./Startup_Code/security.o
 .ARM.attributes
                0x000002a1       0x1b ./Startup_Code/startup_ARMLtdGCC.o
 .ARM.attributes
                0x000002bc       0x2c ./Startup_Code/system-gcc.o
 .ARM.attributes
                0x000002e8       0x2c ./Startup_Code/system.o
 .ARM.attributes
                0x00000314       0x2c ./Startup_Code/vectors.o
 .ARM.attributes
                0x00000340       0x2c ./Sources/DustCollector.o
 .ARM.attributes
                0x0000036c       0x2c ./Sources/Sampler.o
 .ARM.attributes
                0x00000398       0x2c ./Sources/bsp.o
 .ARM.attributes
                0x000003c4       0x2c ./Sources/hardware.o
 .ARM.attributes
                0x000003f0       0x2c ./Sources/main.o
 .ARM.attributes
                0x0000041c       0x2c ./Sources/usbdmError.o
 .ARM.attributes
                0x00000448       0x2c /opt/eclipse-usbdm/arm-gnu-toolchain-13.2.Rel1-x86_64-arm-none-eabi/bin/../lib/gcc/arm-none-eabi/13.2.1/../../../../arm-none-eabi/lib/thumb/v6-m/nofp/libstdc++_nano.a(atexit_arm.o)
 .ARM.attributes
                0x00000474       0x2c /opt/eclipse-usbdm/arm-gnu-toolchain-13.2.Rel1-x86_64-arm-none-eabi/bin/../lib/gcc/arm-none-eabi/13.2.1/../../../../arm-none-eabi/lib/thumb/v6-m/nofp/libstdc++_nano.a(del_ops.o)
 .ARM.attributes
                0x000004a0       0x2c /opt/eclipse-usbdm/arm-gnu-toolchain-13.2.Rel1-x86_64-arm-none-eabi/bin/../lib/gcc/arm-none-eabi/13.2.1/../../../../arm-none-eabi/lib/thumb/v6-m/nofp/libstdc++_nano.a(del_op.o)
 .ARM.attributes
                0x000004cc       0x1e /opt/eclipse-usbdm/arm-gnu-toolchain-13.2.Rel1-x86_64-arm-none-eabi/bin/../lib/gcc/arm-none-eabi/13.2.1/thumb/v6-m/nofp/libgcc.a(_udivsi3.o)
 .ARM.attributes
                0x000004ea       0x1e /opt/eclipse-usbdm/arm-gnu-toolchain-13.2.Rel1-x86_64-arm-none-eabi/bin/../lib/gcc/arm-none-eabi/13.2.1/thumb/v6-m/nofp/libgcc.a(_dvmd_tls.o)
 .ARM.attributes
                0x00000508       0x2c /opt/eclipse-usbdm/arm-gnu-toolchain-13.2.Rel1-x86_64-arm-none-eabi/bin/../lib/gcc/arm-none-eabi/13.2.1/../../../../arm-none-eabi/lib/thumb/v6-m/nofp/libg_nano.a(libc_a-exit.o)
 .ARM.attributes
                0x00000534       0x2c /opt/eclipse-usbdm/arm-gnu-toolchain-13.2.Rel1-x86_64-arm-none-eabi/bin/../lib/gcc/arm-none-eabi/13.2.1/../../../../arm-none-eabi/lib/thumb/v6-m/nofp/libg_nano.a(libc_a-init.o)
 .ARM.attributes
                0x00000560       0x2c /opt/eclipse-usbdm/arm-gnu-toolchain-13.2.Rel1-x86_64-arm-none-eabi/bin/../lib/gcc/arm-none-eabi/13.2.1/../../../../arm-none-eabi/lib/thumb/v6-m/nofp/libg_nano.a(libc_a-impure.o)
 .ARM.attributes
                0x0000058c       0x2c /opt/eclipse-usbdm/arm-gnu-toolchain-13.2.Rel1-x86_64-arm-none-eabi/bin/../lib/gcc/arm-none-eabi/13.2.1/../../../../arm-none-eabi/lib/thumb/v6-m/nofp/libg_nano.a(libc_a-malloc.o)
 .ARM.attributes
                0x000005b8       0x2c /opt/eclipse-usbdm/arm-gnu-toolchain-13.2.Rel1-x86_64-arm-none-eabi/bin/../lib/gcc/arm-none-eabi/13.2.1/../../../../arm-none-eabi/lib/thumb/v6-m/nofp/libg_nano.a(libc_a-mallocr.o)
 .ARM.attributes
                0x000005e4       0x2c /opt/eclipse-usbdm/arm-gnu-toolchain-13.2.Rel1-x86_64-arm-none-eabi/bin/../lib/gcc/arm-none-eabi/13.2.1/../../../../arm-none-eabi/lib/thumb/v6-m/nofp/libg_nano.a(libc_a-cxa_atexit.o)
 .ARM.attributes
                0x00000610       0x2c /opt/eclipse-usbdm/arm-gnu-toolchain-13.2.Rel1-x86_64-arm-none-eabi/bin/../lib/gcc/arm-none-eabi/13.2.1/../../../../arm-none-eabi/lib/thumb/v6-m/nofp/libg_nano.a(libc_a-findfp.o)
 .ARM.attributes
                0x0000063c       0x2c /opt/eclipse-usbdm/arm-gnu-toolchain-13.2.Rel1-x86_64-arm-none-eabi/bin/../lib/gcc/arm-none-eabi/13.2.1/../../../../arm-none-eabi/lib/thumb/v6-m/nofp/libg_nano.a(libc_a-mlock.o)
 .ARM.attributes
                0x00000668       0x2c /opt/eclipse-usbdm/arm-gnu-toolchain-13.2.Rel1-x86_64-arm-none-eabi/bin/../lib/gcc/arm-none-eabi/13.2.1/../../../../arm-none-eabi/lib/thumb/v6-m/nofp/libg_nano.a(libc_a-memset.o)
 .ARM.attributes
                0x00000694       0x2c /opt/eclipse-usbdm/arm-gnu-toolchain-13.2.Rel1-x86_64-arm-none-eabi/bin/../lib/gcc/arm-none-eabi/13.2.1/../../../../arm-none-eabi/lib/thumb/v6-m/nofp/libg_nano.a(libc_a-freer.o)
 .ARM.attributes
                0x000006c0       0x2c /opt/eclipse-usbdm/arm-gnu-toolchain-13.2.Rel1-x86_64-arm-none-eabi/bin/../lib/gcc/arm-none-eabi/13.2.1/../../../../arm-none-eabi/lib/thumb/v6-m/nofp/libg_nano.a(libc_a-lock.o)
 .ARM.attributes
                0x000006ec       0x2c /opt/eclipse-usbdm/arm-gnu-toolchain-13.2.Rel1-x86_64-arm-none-eabi/bin/../lib/gcc/arm-none-eabi/13.2.1/thumb/v6-m/nofp/crtend.o
 .ARM.attributes
                0x00000718       0x1e /opt/eclipse-usbdm/arm-gnu-toolchain-13.2.Rel1-x86_64-arm-none-eabi/bin/../lib/gcc/arm-none-eabi/13.2.1/thumb/v6-m/nofp/crtn.o

.comment        0x00000000       0x44
 .comment       0x00000000       0x44 ./qv/qv.o
                                 0x45 (size before relaxing)
 .comment       0x00000044       0x45 ./qf/qep_hsm.o
 .comment       0x00000044       0x45 ./qf/qf_act.o
 .comment       0x00000044       0x45 ./qf/qf_actq.o
 .comment       0x00000044       0x45 ./qf/qf_dyn.o
 .comment       0x00000044       0x45 ./qf/qf_mem.o
 .comment       0x00000044       0x45 ./qf/qf_qact.o
 .comment       0x00000044       0x45 ./qf/qf_qeq.o
 .comment       0x00000044       0x45 ./qf/qf_time.o
 .comment       0x00000044       0x45 ./gnu/qv_port.o
 .comment       0x00000044       0x45 ./Startup_Code/ics.o
 .comment       0x00000044       0x45 ./Startup_Code/newlib_stubs.o
 .comment       0x00000044       0x45 ./Startup_Code/security.o
 .comment       0x00000044       0x45 ./Startup_Code/system-gcc.o
 .comment       0x00000044       0x45 ./Startup_Code/system.o
 .comment       0x00000044       0x45 ./Startup_Code/vectors.o
 .comment       0x00000044       0x45 ./Sources/DustCollector.o
 .comment       0x00000044       0x45 ./Sources/Sampler.o
 .comment       0x00000044       0x45 ./Sources/bsp.o
 .comment       0x00000044       0x45 ./Sources/hardware.o
 .comment       0x00000044       0x45 ./Sources/main.o
 .comment       0x00000044       0x45 ./Sources/usbdmError.o

.debug_line_str
                0x00000000      0x207
 .debug_line_str
                0x00000000      0x207 /opt/eclipse-usbdm/arm-gnu-toolchain-13.2.Rel1-x86_64-arm-none-eabi/bin/../lib/gcc/arm-none-eabi/13.2.1/../../../../arm-none-eabi/lib/thumb/v6-m/nofp/crt0.o
                                 0xcb (size before relaxing)
 .debug_line_str
                0x00000207       0x7a ./Startup_Code/startup_ARMLtdGCC.o
 .debug_line_str
                0x00000207       0xc2 /opt/eclipse-usbdm/arm-gnu-toolchain-13.2.Rel1-x86_64-arm-none-eabi/bin/../lib/gcc/arm-none-eabi/13.2.1/thumb/v6-m/nofp/libgcc.a(_udivsi3.o)
 .debug_line_str
                0x00000207       0xc2 /opt/eclipse-usbdm/arm-gnu-toolchain-13.2.Rel1-x86_64-arm-none-eabi/bin/../lib/gcc/arm-none-eabi/13.2.1/thumb/v6-m/nofp/libgcc.a(_dvmd_tls.o)

.debug_info     0x00000000    0x34dea
 .debug_info    0x00000000     0x124d ./qv/qv.o
 .debug_info    0x0000124d     0x15db ./qf/qep_hsm.o
 .debug_info    0x00002828      0xc0f ./qf/qf_act.o
 .debug_info    0x00003437     0x1d3f ./qf/qf_actq.o
 .debug_info    0x00005176     0x10e8 ./qf/qf_dyn.o
 .debug_info    0x0000625e      0xd27 ./qf/qf_mem.o
 .debug_info    0x00006f85     0x1719 ./qf/qf_qact.o
 .debug_info    0x0000869e      0xb97 ./qf/qf_qeq.o
 .debug_info    0x00009235      0xf0b ./qf/qf_time.o
 .debug_info    0x0000a140      0x61b ./gnu/qv_port.o
 .debug_info    0x0000a75b     0x2ff5 ./Startup_Code/ics.o
 .debug_info    0x0000d750      0x7e0 ./Startup_Code/newlib_stubs.o
 .debug_info    0x0000df30      0x126 ./Startup_Code/security.o
 .debug_info    0x0000e056       0x31 ./Startup_Code/startup_ARMLtdGCC.o
 .debug_info    0x0000e087     0x2014 ./Startup_Code/system-gcc.o
 .debug_info    0x0001009b     0x2be0 ./Startup_Code/system.o
 .debug_info    0x00012c7b     0x4439 ./Startup_Code/vectors.o
 .debug_info    0x000170b4     0x7392 ./Sources/DustCollector.o
 .debug_info    0x0001e446     0x7fed ./Sources/Sampler.o
 .debug_info    0x00026433     0x45f3 ./Sources/bsp.o
 .debug_info    0x0002aa26     0x3e92 ./Sources/hardware.o
 .debug_info    0x0002e8b8     0x3f4c ./Sources/main.o
 .debug_info    0x00032804     0x25e6 ./Sources/usbdmError.o

.debug_abbrev   0x00000000     0x89f5
 .debug_abbrev  0x00000000      0x541 ./qv/qv.o
 .debug_abbrev  0x00000541      0x61c ./qf/qep_hsm.o
 .debug_abbrev  0x00000b5d      0x420 ./qf/qf_act.o
 .debug_abbrev  0x00000f7d      0x78d ./qf/qf_actq.o
 .debug_abbrev  0x0000170a      0x4e7 ./qf/qf_dyn.o
 .debug_abbrev  0x00001bf1      0x3a5 ./qf/qf_mem.o
 .debug_abbrev  0x00001f96      0x689 ./qf/qf_qact.o
 .debug_abbrev  0x0000261f      0x3ec ./qf/qf_qeq.o
 .debug_abbrev  0x00002a0b      0x5b2 ./qf/qf_time.o
 .debug_abbrev  0x00002fbd      0x243 ./gnu/qv_port.o
 .debug_abbrev  0x00003200      0x63e ./Startup_Code/ics.o
 .debug_abbrev  0x0000383e      0x26a ./Startup_Code/newlib_stubs.o
 .debug_abbrev  0x00003aa8       0x85 ./Startup_Code/security.o
 .debug_abbrev  0x00003b2d       0x28 ./Startup_Code/startup_ARMLtdGCC.o
 .debug_abbrev  0x00003b55      0x38f ./Startup_Code/system-gcc.o
 .debug_abbrev  0x00003ee4      0x6c5 ./Startup_Code/system.o
 .debug_abbrev  0x000045a9      0x928 ./Startup_Code/vectors.o
 .debug_abbrev  0x00004ed1      0xd93 ./Sources/DustCollector.o
 .debug_abbrev  0x00005c64      0xdf6 ./Sources/Sampler.o
 .debug_abbrev  0x00006a5a      0xa07 ./Sources/bsp.o
 .debug_abbrev  0x00007461      0x866 ./Sources/hardware.o
 .debug_abbrev  0x00007cc7      0x84f ./Sources/main.o
 .debug_abbrev  0x00008516      0x4df ./Sources/usbdmError.o

.debug_loclists
                0x00000000     0x2f79
 .debug_loclists
                0x00000000      0x1cd ./qv/qv.o
 .debug_loclists
                0x000001cd      0x72c ./qf/qep_hsm.o
 .debug_loclists
                0x000008f9       0x67 ./qf/qf_act.o
 .debug_loclists
                0x00000960      0x5e5 ./qf/qf_actq.o
 .debug_loclists
                0x00000f45      0x408 ./qf/qf_dyn.o
 .debug_loclists
                0x0000134d      0x342 ./qf/qf_mem.o
 .debug_loclists
                0x0000168f      0x292 ./qf/qf_qact.o
 .debug_loclists
                0x00001921      0x342 ./qf/qf_qeq.o
 .debug_loclists
                0x00001c63      0x456 ./qf/qf_time.o
 .debug_loclists
                0x000020b9       0x29 ./gnu/qv_port.o
 .debug_loclists
                0x000020e2      0x34f ./Startup_Code/newlib_stubs.o
 .debug_loclists
                0x00002431       0x18 ./Startup_Code/system-gcc.o
 .debug_loclists
                0x00002449       0x24 ./Startup_Code/vectors.o
 .debug_loclists
                0x0000246d      0x5b5 ./Sources/DustCollector.o
 .debug_loclists
                0x00002a22      0x33a ./Sources/Sampler.o
 .debug_loclists
                0x00002d5c       0x9c ./Sources/bsp.o
 .debug_loclists
                0x00002df8       0x18 ./Sources/hardware.o
 .debug_loclists
                0x00002e10       0x4b ./Sources/main.o
 .debug_loclists
                0x00002e5b      0x11e ./Sources/usbdmError.o

.debug_aranges  0x00000000      0x730
 .debug_aranges
                0x00000000       0x38 ./qv/qv.o
 .debug_aranges
                0x00000038       0x60 ./qf/qep_hsm.o
 .debug_aranges
                0x00000098       0x38 ./qf/qf_act.o
 .debug_aranges
                0x000000d0       0x58 ./qf/qf_actq.o
 .debug_aranges
                0x00000128       0x50 ./qf/qf_dyn.o
 .debug_aranges
                0x00000178       0x38 ./qf/qf_mem.o
 .debug_aranges
                0x000001b0       0x58 ./qf/qf_qact.o
 .debug_aranges
                0x00000208       0x38 ./qf/qf_qeq.o
 .debug_aranges
                0x00000240       0x68 ./qf/qf_time.o
 .debug_aranges
                0x000002a8       0x28 ./gnu/qv_port.o
 .debug_aranges
                0x000002d0       0x28 ./Startup_Code/ics.o
 .debug_aranges
                0x000002f8       0xb8 ./Startup_Code/newlib_stubs.o
 .debug_aranges
                0x000003b0       0x18 ./Startup_Code/security.o
 .debug_aranges
                0x000003c8       0x20 ./Startup_Code/startup_ARMLtdGCC.o
 .debug_aranges
                0x000003e8       0x28 ./Startup_Code/system-gcc.o
 .debug_aranges
                0x00000410       0x50 ./Startup_Code/system.o
 .debug_aranges
                0x00000460       0x38 ./Startup_Code/vectors.o
 .debug_aranges
                0x00000498       0xe0 ./Sources/DustCollector.o
 .debug_aranges
                0x00000578       0xd8 ./Sources/Sampler.o
 .debug_aranges
                0x00000650       0x48 ./Sources/bsp.o
 .debug_aranges
                0x00000698       0x28 ./Sources/hardware.o
 .debug_aranges
                0x000006c0       0x20 ./Sources/main.o
 .debug_aranges
                0x000006e0       0x50 ./Sources/usbdmError.o

.debug_rnglists
                0x00000000      0x5ac
 .debug_rnglists
                0x00000000       0x25 ./qv/qv.o
 .debug_rnglists
                0x00000025       0x5f ./qf/qep_hsm.o
 .debug_rnglists
                0x00000084       0x25 ./qf/qf_act.o
 .debug_rnglists
                0x000000a9       0x3f ./qf/qf_actq.o
 .debug_rnglists
                0x000000e8       0x39 ./qf/qf_dyn.o
 .debug_rnglists
                0x00000121       0x3f ./qf/qf_mem.o
 .debug_rnglists
                0x00000160       0x3e ./qf/qf_qact.o
 .debug_rnglists
                0x0000019e       0x32 ./qf/qf_qeq.o
 .debug_rnglists
                0x000001d0       0x6f ./qf/qf_time.o
 .debug_rnglists
                0x0000023f       0x19 ./gnu/qv_port.o
 .debug_rnglists
                0x00000258       0x19 ./Startup_Code/ics.o
 .debug_rnglists
                0x00000271       0x85 ./Startup_Code/newlib_stubs.o
 .debug_rnglists
                0x000002f6       0x19 ./Startup_Code/system-gcc.o
 .debug_rnglists
                0x0000030f       0x37 ./Startup_Code/system.o
 .debug_rnglists
                0x00000346       0x25 ./Startup_Code/vectors.o
 .debug_rnglists
                0x0000036b       0xeb ./Sources/DustCollector.o
 .debug_rnglists
                0x00000456       0xc2 ./Sources/Sampler.o
 .debug_rnglists
                0x00000518       0x31 ./Sources/bsp.o
 .debug_rnglists
                0x00000549       0x19 ./Sources/hardware.o
 .debug_rnglists
                0x00000562       0x13 ./Sources/main.o
 .debug_rnglists
                0x00000575       0x37 ./Sources/usbdmError.o

.debug_macro    0x00000000     0x8332
 .debug_macro   0x00000000       0xfc ./qv/qv.o
 .debug_macro   0x000000fc      0xbf2 ./qv/qv.o
 .debug_macro   0x00000cee      0x1f2 ./qv/qv.o
 .debug_macro   0x00000ee0       0x10 ./qv/qv.o
 .debug_macro   0x00000ef0       0xc8 ./qv/qv.o
 .debug_macro   0x00000fb8      0x103 ./qv/qv.o
 .debug_macro   0x000010bb      0x353 ./qv/qv.o
 .debug_macro   0x0000140e       0x1c ./qv/qv.o
 .debug_macro   0x0000142a       0x22 ./qv/qv.o
 .debug_macro   0x0000144c       0x56 ./qv/qv.o
 .debug_macro   0x000014a2       0x51 ./qv/qv.o
 .debug_macro   0x000014f3      0x103 ./qv/qv.o
 .debug_macro   0x000015f6       0x6a ./qv/qv.o
 .debug_macro   0x00001660      0x1df ./qv/qv.o
 .debug_macro   0x0000183f       0x5b ./qv/qv.o
 .debug_macro   0x0000189a       0x10 ./qv/qv.o
 .debug_macro   0x000018aa       0x1c ./qv/qv.o
 .debug_macro   0x000018c6      0x12e ./qv/qv.o
 .debug_macro   0x000019f4       0x46 ./qv/qv.o
 .debug_macro   0x00001a3a       0x22 ./qv/qv.o
 .debug_macro   0x00001a5c       0x79 ./qv/qv.o
 .debug_macro   0x00001ad5      0x1a6 ./qv/qv.o
 .debug_macro   0x00001c7b      0x10e ./qf/qep_hsm.o
 .debug_macro   0x00001d89       0xfc ./qf/qf_act.o
 .debug_macro   0x00001e85       0xfc ./qf/qf_actq.o
 .debug_macro   0x00001f81       0xfc ./qf/qf_dyn.o
 .debug_macro   0x0000207d       0xfc ./qf/qf_mem.o
 .debug_macro   0x00002179       0xfc ./qf/qf_qact.o
 .debug_macro   0x00002275       0xfc ./qf/qf_qeq.o
 .debug_macro   0x00002371       0xfc ./qf/qf_time.o
 .debug_macro   0x0000246d       0xf9 ./gnu/qv_port.o
 .debug_macro   0x00002566      0x4ea ./Startup_Code/ics.o
 .debug_macro   0x00002a50       0x75 ./Startup_Code/ics.o
 .debug_macro   0x00002ac5       0x5c ./Startup_Code/ics.o
 .debug_macro   0x00002b21       0x57 ./Startup_Code/ics.o
 .debug_macro   0x00002b78       0x10 ./Startup_Code/ics.o
 .debug_macro   0x00002b88       0x16 ./Startup_Code/ics.o
 .debug_macro   0x00002b9e      0x198 ./Startup_Code/newlib_stubs.o
 .debug_macro   0x00002d36      0xaa8 ./Startup_Code/newlib_stubs.o
 .debug_macro   0x000037de       0x10 ./Startup_Code/newlib_stubs.o
 .debug_macro   0x000037ee       0x34 ./Startup_Code/newlib_stubs.o
 .debug_macro   0x00003822      0x190 ./Startup_Code/newlib_stubs.o
 .debug_macro   0x000039b2      0x370 ./Startup_Code/newlib_stubs.o
 .debug_macro   0x00003d22       0x4a ./Startup_Code/newlib_stubs.o
 .debug_macro   0x00003d6c      0x23c ./Startup_Code/newlib_stubs.o
 .debug_macro   0x00003fa8       0x10 ./Startup_Code/newlib_stubs.o
 .debug_macro   0x00003fb8       0x3c ./Startup_Code/newlib_stubs.o
 .debug_macro   0x00003ff4       0x10 ./Startup_Code/newlib_stubs.o
 .debug_macro   0x00004004       0x10 ./Startup_Code/newlib_stubs.o
 .debug_macro   0x00004014       0xb8 ./Startup_Code/newlib_stubs.o
 .debug_macro   0x000040cc       0x2e ./Startup_Code/newlib_stubs.o
 .debug_macro   0x000040fa      0x102 ./Startup_Code/newlib_stubs.o
 .debug_macro   0x000041fc       0x16 ./Startup_Code/newlib_stubs.o
 .debug_macro   0x00004212      0x4fe ./Startup_Code/newlib_stubs.o
 .debug_macro   0x00004710      0x16f ./Startup_Code/security.o
 .debug_macro   0x0000487f       0x3a ./Startup_Code/security.o
 .debug_macro   0x000048b9      0x329 ./Startup_Code/security.o
 .debug_macro   0x00004be2      0x49d ./Startup_Code/system-gcc.o
 .debug_macro   0x0000507f       0x10 ./Startup_Code/system-gcc.o
 .debug_macro   0x0000508f      0x11c ./Startup_Code/system-gcc.o
 .debug_macro   0x000051ab       0xa2 ./Startup_Code/system-gcc.o
 .debug_macro   0x0000524d       0x1c ./Startup_Code/system-gcc.o
 .debug_macro   0x00005269       0xde ./Startup_Code/system-gcc.o
 .debug_macro   0x00005347      0x3d4 ./Startup_Code/system-gcc.o
 .debug_macro   0x0000571b      0x4b7 ./Startup_Code/system.o
 .debug_macro   0x00005bd2      0x55c ./Startup_Code/vectors.o
 .debug_macro   0x0000612e       0x12 ./Startup_Code/vectors.o
 .debug_macro   0x00006140       0x28 ./Startup_Code/vectors.o
 .debug_macro   0x00006168      0x5ac ./Sources/DustCollector.o
 .debug_macro   0x00006714      0x106 ./Sources/DustCollector.o
 .debug_macro   0x0000681a       0xbf ./Sources/DustCollector.o
 .debug_macro   0x000068d9      0x53f ./Sources/Sampler.o
 .debug_macro   0x00006e18      0x5a8 ./Sources/bsp.o
 .debug_macro   0x000073c0      0x533 ./Sources/hardware.o
 .debug_macro   0x000078f3      0x5aa ./Sources/main.o
 .debug_macro   0x00007e9d      0x495 ./Sources/usbdmError.o

.debug_line     0x00000000     0xd947
 .debug_line    0x00000000      0x677 ./qv/qv.o
 .debug_line    0x00000677      0xb04 ./qf/qep_hsm.o
 .debug_line    0x0000117b      0x518 ./qf/qf_act.o
 .debug_line    0x00001693      0x963 ./qf/qf_actq.o
 .debug_line    0x00001ff6      0x7b2 ./qf/qf_dyn.o
 .debug_line    0x000027a8      0x705 ./qf/qf_mem.o
 .debug_line    0x00002ead      0x6ad ./qf/qf_qact.o
 .debug_line    0x0000355a      0x76c ./qf/qf_qeq.o
 .debug_line    0x00003cc6      0x8eb ./qf/qf_time.o
 .debug_line    0x000045b1      0x464 ./gnu/qv_port.o
 .debug_line    0x00004a15      0xb94 ./Startup_Code/ics.o
 .debug_line    0x000055a9      0x68d ./Startup_Code/newlib_stubs.o
 .debug_line    0x00005c36      0x332 ./Startup_Code/security.o
 .debug_line    0x00005f68       0x6c ./Startup_Code/startup_ARMLtdGCC.o
 .debug_line    0x00005fd4      0xaf4 ./Startup_Code/system-gcc.o
 .debug_line    0x00006ac8      0xbd9 ./Startup_Code/system.o
 .debug_line    0x000076a1      0xc1f ./Startup_Code/vectors.o
 .debug_line    0x000082c0     0x12c6 ./Sources/DustCollector.o
 .debug_line    0x00009586     0x1346 ./Sources/Sampler.o
 .debug_line    0x0000a8cc      0xd1c ./Sources/bsp.o
 .debug_line    0x0000b5e8      0xb5e ./Sources/hardware.o
 .debug_line    0x0000c146      0xc16 ./Sources/main.o
 .debug_line    0x0000cd5c      0xbeb ./Sources/usbdmError.o

.debug_str      0x00000000    0x37d05
 .debug_str     0x00000000    0x37d05 ./qv/qv.o
                               0x916a (size before relaxing)
 .debug_str     0x00037d05     0x9329 ./qf/qep_hsm.o
 .debug_str     0x00037d05     0x8f03 ./qf/qf_act.o
 .debug_str     0x00037d05     0x9acb ./qf/qf_actq.o
 .debug_str     0x00037d05     0x8fee ./qf/qf_dyn.o
 .debug_str     0x00037d05     0x8e69 ./qf/qf_mem.o
 .debug_str     0x00037d05     0x979d ./qf/qf_qact.o
 .debug_str     0x00037d05     0x8d40 ./qf/qf_qeq.o
 .debug_str     0x00037d05     0x8eb5 ./qf/qf_time.o
 .debug_str     0x00037d05     0x7cd2 ./gnu/qv_port.o
 .debug_str     0x00037d05    0x2684e ./Startup_Code/ics.o
 .debug_str     0x00037d05     0x8815 ./Startup_Code/newlib_stubs.o
 .debug_str     0x00037d05    0x1c757 ./Startup_Code/security.o
 .debug_str     0x00037d05       0x96 ./Startup_Code/startup_ARMLtdGCC.o
 .debug_str     0x00037d05    0x24123 ./Startup_Code/system-gcc.o
 .debug_str     0x00037d05    0x258cf ./Startup_Code/system.o
 .debug_str     0x00037d05    0x278ea ./Startup_Code/vectors.o
 .debug_str     0x00037d05    0x2cc07 ./Sources/DustCollector.o
 .debug_str     0x00037d05    0x2cc4d ./Sources/Sampler.o
 .debug_str     0x00037d05    0x28a88 ./Sources/bsp.o
 .debug_str     0x00037d05    0x26b86 ./Sources/hardware.o
 .debug_str     0x00037d05    0x2850a ./Sources/main.o
 .debug_str     0x00037d05    0x24410 ./Sources/usbdmError.o

.debug_frame    0x00000000     0x1314
 .debug_frame   0x00000000       0x7c ./qv/qv.o
 .debug_frame   0x0000007c      0x104 ./qf/qep_hsm.o
 .debug_frame   0x00000180       0x60 ./qf/qf_act.o
 .debug_frame   0x000001e0       0xe0 ./qf/qf_actq.o
 .debug_frame   0x000002c0       0xd4 ./qf/qf_dyn.o
 .debug_frame   0x00000394       0x74 ./qf/qf_mem.o
 .debug_frame   0x00000408       0xc8 ./qf/qf_qact.o
 .debug_frame   0x000004d0       0x70 ./qf/qf_qeq.o
 .debug_frame   0x00000540      0x104 ./qf/qf_time.o
 .debug_frame   0x00000644       0x30 ./gnu/qv_port.o
 .debug_frame   0x00000674       0x38 ./Startup_Code/ics.o
 .debug_frame   0x000006ac      0x16c ./Startup_Code/newlib_stubs.o
 .debug_frame   0x00000818       0x40 ./Startup_Code/system-gcc.o
 .debug_frame   0x00000858       0x88 ./Startup_Code/system.o
 .debug_frame   0x000008e0       0x64 ./Startup_Code/vectors.o
 .debug_frame   0x00000944      0x220 ./Sources/DustCollector.o
 .debug_frame   0x00000b64      0x218 ./Sources/Sampler.o
 .debug_frame   0x00000d7c       0x88 ./Sources/bsp.o
 .debug_frame   0x00000e04       0x38 ./Sources/hardware.o
 .debug_frame   0x00000e3c       0x28 ./Sources/main.o
 .debug_frame   0x00000e64       0x98 ./Sources/usbdmError.o
 .debug_frame   0x00000efc       0x28 /opt/eclipse-usbdm/arm-gnu-toolchain-13.2.Rel1-x86_64-arm-none-eabi/bin/../lib/gcc/arm-none-eabi/13.2.1/../../../../arm-none-eabi/lib/thumb/v6-m/nofp/libstdc++_nano.a(atexit_arm.o)
 .debug_frame   0x00000f24       0x28 /opt/eclipse-usbdm/arm-gnu-toolchain-13.2.Rel1-x86_64-arm-none-eabi/bin/../lib/gcc/arm-none-eabi/13.2.1/../../../../arm-none-eabi/lib/thumb/v6-m/nofp/libstdc++_nano.a(del_ops.o)
 .debug_frame   0x00000f4c       0x28 /opt/eclipse-usbdm/arm-gnu-toolchain-13.2.Rel1-x86_64-arm-none-eabi/bin/../lib/gcc/arm-none-eabi/13.2.1/../../../../arm-none-eabi/lib/thumb/v6-m/nofp/libstdc++_nano.a(del_op.o)
 .debug_frame   0x00000f74       0x20 /opt/eclipse-usbdm/arm-gnu-toolchain-13.2.Rel1-x86_64-arm-none-eabi/bin/../lib/gcc/arm-none-eabi/13.2.1/thumb/v6-m/nofp/libgcc.a(_udivsi3.o)
 .debug_frame   0x00000f94       0x28 /opt/eclipse-usbdm/arm-gnu-toolchain-13.2.Rel1-x86_64-arm-none-eabi/bin/../lib/gcc/arm-none-eabi/13.2.1/../../../../arm-none-eabi/lib/thumb/v6-m/nofp/libg_nano.a(libc_a-exit.o)
 .debug_frame   0x00000fbc       0x2c /opt/eclipse-usbdm/arm-gnu-toolchain-13.2.Rel1-x86_64-arm-none-eabi/bin/../lib/gcc/arm-none-eabi/13.2.1/../../../../arm-none-eabi/lib/thumb/v6-m/nofp/libg_nano.a(libc_a-init.o)
 .debug_frame   0x00000fe8       0x40 /opt/eclipse-usbdm/arm-gnu-toolchain-13.2.Rel1-x86_64-arm-none-eabi/bin/../lib/gcc/arm-none-eabi/13.2.1/../../../../arm-none-eabi/lib/thumb/v6-m/nofp/libg_nano.a(libc_a-malloc.o)
 .debug_frame   0x00001028       0x50 /opt/eclipse-usbdm/arm-gnu-toolchain-13.2.Rel1-x86_64-arm-none-eabi/bin/../lib/gcc/arm-none-eabi/13.2.1/../../../../arm-none-eabi/lib/thumb/v6-m/nofp/libg_nano.a(libc_a-mallocr.o)
 .debug_frame   0x00001078       0x28 /opt/eclipse-usbdm/arm-gnu-toolchain-13.2.Rel1-x86_64-arm-none-eabi/bin/../lib/gcc/arm-none-eabi/13.2.1/../../../../arm-none-eabi/lib/thumb/v6-m/nofp/libg_nano.a(libc_a-cxa_atexit.o)
 .debug_frame   0x000010a0      0x138 /opt/eclipse-usbdm/arm-gnu-toolchain-13.2.Rel1-x86_64-arm-none-eabi/bin/../lib/gcc/arm-none-eabi/13.2.1/../../../../arm-none-eabi/lib/thumb/v6-m/nofp/libg_nano.a(libc_a-findfp.o)
 .debug_frame   0x000011d8       0x40 /opt/eclipse-usbdm/arm-gnu-toolchain-13.2.Rel1-x86_64-arm-none-eabi/bin/../lib/gcc/arm-none-eabi/13.2.1/../../../../arm-none-eabi/lib/thumb/v6-m/nofp/libg_nano.a(libc_a-mlock.o)
 .debug_frame   0x00001218       0x20 /opt/eclipse-usbdm/arm-gnu-toolchain-13.2.Rel1-x86_64-arm-none-eabi/bin/../lib/gcc/arm-none-eabi/13.2.1/../../../../arm-none-eabi/lib/thumb/v6-m/nofp/libg_nano.a(libc_a-memset.o)
 .debug_frame   0x00001238       0x2c /opt/eclipse-usbdm/arm-gnu-toolchain-13.2.Rel1-x86_64-arm-none-eabi/bin/../lib/gcc/arm-none-eabi/13.2.1/../../../../arm-none-eabi/lib/thumb/v6-m/nofp/libg_nano.a(libc_a-freer.o)
 .debug_frame   0x00001264       0xb0 /opt/eclipse-usbdm/arm-gnu-toolchain-13.2.Rel1-x86_64-arm-none-eabi/bin/../lib/gcc/arm-none-eabi/13.2.1/../../../../arm-none-eabi/lib/thumb/v6-m/nofp/libg_nano.a(libc_a-lock.o)
