graph: { title: "/opt/qp/qpcpp/src/qf/qf_act.cpp"
node: { title: "_ZN2QP2QF6bzero_EPvj" label: "void QP::QF::bzero_(void*, uint_fast16_t)\n/opt/qp/qpcpp/src/qf/qf_act.cpp:81:6\n8 bytes (static)" }
node: { title: "memset" label: "void* __builtin_memset(void*, int, unsigned int)\n<built-in>" shape : ellipse }
edge: { sourcename: "_ZN2QP2QF6bzero_EPvj" targetname: "memset" }
node: { title: "/opt/qp/qpcpp/src/qf/qf_act.cpp:_GLOBAL__sub_I__ZN2QP7QActive9registry_E" label: "cpp)\n/opt/qp/qpcpp/src/qf/qf_act.cpp:132:1\n0 bytes (static)" }
}
