Archive member included to satisfy reference by file (symbol)

/opt/eclipse-usbdm/arm-gnu-toolchain-13.2.Rel1-x86_64-arm-none-eabi/bin/../lib/gcc/arm-none-eabi/13.2.1/../../../../arm-none-eabi/lib/thumb/v6-m/nofp/libstdc++_nano.a(atexit_arm.o)
                              ./Startup_Code/console.o (__aeabi_atexit)
/opt/eclipse-usbdm/arm-gnu-toolchain-13.2.Rel1-x86_64-arm-none-eabi/bin/../lib/gcc/arm-none-eabi/13.2.1/../../../../arm-none-eabi/lib/thumb/v6-m/nofp/libstdc++_nano.a(del_ops.o)
                              ./Startup_Code/console.o (operator delete(void*, unsigned int))
/opt/eclipse-usbdm/arm-gnu-toolchain-13.2.Rel1-x86_64-arm-none-eabi/bin/../lib/gcc/arm-none-eabi/13.2.1/../../../../arm-none-eabi/lib/thumb/v6-m/nofp/libstdc++_nano.a(del_op.o)
                              /opt/eclipse-usbdm/arm-gnu-toolchain-13.2.Rel1-x86_64-arm-none-eabi/bin/../lib/gcc/arm-none-eabi/13.2.1/../../../../arm-none-eabi/lib/thumb/v6-m/nofp/libstdc++_nano.a(del_ops.o) (operator delete(void*))
/opt/eclipse-usbdm/arm-gnu-toolchain-13.2.Rel1-x86_64-arm-none-eabi/bin/../lib/gcc/arm-none-eabi/13.2.1/../../../../arm-none-eabi/lib/thumb/v6-m/nofp/libm.a(libm_a-sf_round.o)
                              ./Sources/delay.o (roundf)
/opt/eclipse-usbdm/arm-gnu-toolchain-13.2.Rel1-x86_64-arm-none-eabi/bin/../lib/gcc/arm-none-eabi/13.2.1/thumb/v6-m/nofp/libgcc.a(_udivsi3.o)
                              ./Startup_Code/console.o (__aeabi_uidiv)
/opt/eclipse-usbdm/arm-gnu-toolchain-13.2.Rel1-x86_64-arm-none-eabi/bin/../lib/gcc/arm-none-eabi/13.2.1/thumb/v6-m/nofp/libgcc.a(_divsi3.o)
                              ./Sources/main.o (__aeabi_idiv)
/opt/eclipse-usbdm/arm-gnu-toolchain-13.2.Rel1-x86_64-arm-none-eabi/bin/../lib/gcc/arm-none-eabi/13.2.1/thumb/v6-m/nofp/libgcc.a(_dvmd_tls.o)
                              /opt/eclipse-usbdm/arm-gnu-toolchain-13.2.Rel1-x86_64-arm-none-eabi/bin/../lib/gcc/arm-none-eabi/13.2.1/thumb/v6-m/nofp/libgcc.a(_udivsi3.o) (__aeabi_idiv0)
/opt/eclipse-usbdm/arm-gnu-toolchain-13.2.Rel1-x86_64-arm-none-eabi/bin/../lib/gcc/arm-none-eabi/13.2.1/thumb/v6-m/nofp/libgcc.a(_aeabi_uldivmod.o)
                              ./Sources/delay.o (__aeabi_uldivmod)
/opt/eclipse-usbdm/arm-gnu-toolchain-13.2.Rel1-x86_64-arm-none-eabi/bin/../lib/gcc/arm-none-eabi/13.2.1/thumb/v6-m/nofp/libgcc.a(_muldi3.o)
                              ./Sources/delay.o (__aeabi_lmul)
/opt/eclipse-usbdm/arm-gnu-toolchain-13.2.Rel1-x86_64-arm-none-eabi/bin/../lib/gcc/arm-none-eabi/13.2.1/thumb/v6-m/nofp/libgcc.a(_udivmoddi4.o)
                              /opt/eclipse-usbdm/arm-gnu-toolchain-13.2.Rel1-x86_64-arm-none-eabi/bin/../lib/gcc/arm-none-eabi/13.2.1/thumb/v6-m/nofp/libgcc.a(_aeabi_uldivmod.o) (__udivmoddi4)
/opt/eclipse-usbdm/arm-gnu-toolchain-13.2.Rel1-x86_64-arm-none-eabi/bin/../lib/gcc/arm-none-eabi/13.2.1/thumb/v6-m/nofp/libgcc.a(addsf3.o)
                              /opt/eclipse-usbdm/arm-gnu-toolchain-13.2.Rel1-x86_64-arm-none-eabi/bin/../lib/gcc/arm-none-eabi/13.2.1/../../../../arm-none-eabi/lib/thumb/v6-m/nofp/libm.a(libm_a-sf_round.o) (__aeabi_fadd)
/opt/eclipse-usbdm/arm-gnu-toolchain-13.2.Rel1-x86_64-arm-none-eabi/bin/../lib/gcc/arm-none-eabi/13.2.1/thumb/v6-m/nofp/libgcc.a(mulsf3.o)
                              ./Sources/delay.o (__aeabi_fmul)
/opt/eclipse-usbdm/arm-gnu-toolchain-13.2.Rel1-x86_64-arm-none-eabi/bin/../lib/gcc/arm-none-eabi/13.2.1/thumb/v6-m/nofp/libgcc.a(fixsfsi.o)
                              ./Sources/delay.o (__aeabi_f2iz)
/opt/eclipse-usbdm/arm-gnu-toolchain-13.2.Rel1-x86_64-arm-none-eabi/bin/../lib/gcc/arm-none-eabi/13.2.1/thumb/v6-m/nofp/libgcc.a(_clzsi2.o)
                              /opt/eclipse-usbdm/arm-gnu-toolchain-13.2.Rel1-x86_64-arm-none-eabi/bin/../lib/gcc/arm-none-eabi/13.2.1/thumb/v6-m/nofp/libgcc.a(addsf3.o) (__clzsi2)
/opt/eclipse-usbdm/arm-gnu-toolchain-13.2.Rel1-x86_64-arm-none-eabi/bin/../lib/gcc/arm-none-eabi/13.2.1/thumb/v6-m/nofp/libgcc.a(_clzdi2.o)
                              /opt/eclipse-usbdm/arm-gnu-toolchain-13.2.Rel1-x86_64-arm-none-eabi/bin/../lib/gcc/arm-none-eabi/13.2.1/thumb/v6-m/nofp/libgcc.a(_udivmoddi4.o) (__clzdi2)
/opt/eclipse-usbdm/arm-gnu-toolchain-13.2.Rel1-x86_64-arm-none-eabi/bin/../lib/gcc/arm-none-eabi/13.2.1/../../../../arm-none-eabi/lib/thumb/v6-m/nofp/libg_nano.a(libc_a-exit.o)
                              /opt/eclipse-usbdm/arm-gnu-toolchain-13.2.Rel1-x86_64-arm-none-eabi/bin/../lib/gcc/arm-none-eabi/13.2.1/../../../../arm-none-eabi/lib/thumb/v6-m/nofp/crt0.o (exit)
/opt/eclipse-usbdm/arm-gnu-toolchain-13.2.Rel1-x86_64-arm-none-eabi/bin/../lib/gcc/arm-none-eabi/13.2.1/../../../../arm-none-eabi/lib/thumb/v6-m/nofp/libg_nano.a(libc_a-init.o)
                              /opt/eclipse-usbdm/arm-gnu-toolchain-13.2.Rel1-x86_64-arm-none-eabi/bin/../lib/gcc/arm-none-eabi/13.2.1/../../../../arm-none-eabi/lib/thumb/v6-m/nofp/crt0.o (__libc_init_array)
[...]
Memory Configuration

Name             Origin             Length             Attributes
aips             0x40000000         0x00080000         rw
gpio             0x400ff000         0x00001000         rw
bme              0x44000000         0x1c000000         rw
peripherals      0xe0000000         0x00100000         rw
romTable         0xf0002000         0x00001000         rw
mcm              0xf0003000         0x00001000         rw
fgpio            0xf8000000         0x08000000         rw
flash            0x00000000         0x00002000         xr
ram_high         0x20000000         0x00000300         xrw
ram_low          0x1fffff00         0x00000100         xrw
*default*        0x00000000         0xffffffff

Linker script and memory map

LOAD /opt/eclipse-usbdm/arm-gnu-toolchain-13.2.Rel1-x86_64-arm-none-eabi/bin/../lib/gcc/arm-none-eabi/13.2.1/thumb/v6-m/nofp/crti.o
LOAD /opt/eclipse-usbdm/arm-gnu-toolchain-13.2.Rel1-x86_64-arm-none-eabi/bin/../lib/gcc/arm-none-eabi/13.2.1/thumb/v6-m/nofp/crtbegin.o
LOAD /opt/eclipse-usbdm/arm-gnu-toolchain-13.2.Rel1-x86_64-arm-none-eabi/bin/../lib/gcc/arm-none-eabi/13.2.1/../../../../arm-none-eabi/lib/thumb/v6-m/nofp/crt0.o
LOAD ./Startup_Code/console.o
LOAD ./Startup_Code/ics.o
LOAD ./Startup_Code/newlib_stubs.o
LOAD ./Startup_Code/security.o
LOAD ./Startup_Code/startup_ARMLtdGCC.o
LOAD ./Startup_Code/system-gcc.o
LOAD ./Startup_Code/system.o
LOAD ./Startup_Code/vectors.o
LOAD ./Sources/delay.o
LOAD ./Sources/hardware.o
LOAD ./Sources/i2c.o
LOAD ./Sources/main.o
LOAD ./Sources/spi.o
LOAD ./Sources/usbdmError.o
LOAD /opt/eclipse-usbdm/arm-gnu-toolchain-13.2.Rel1-x86_64-arm-none-eabi/bin/../lib/gcc/arm-none-eabi/13.2.1/../../../../arm-none-eabi/lib/thumb/v6-m/nofp/libstdc++_nano.a
LOAD /opt/eclipse-usbdm/arm-gnu-toolchain-13.2.Rel1-x86_64-arm-none-eabi/bin/../lib/gcc/arm-none-eabi/13.2.1/../../../../arm-none-eabi/lib/thumb/v6-m/nofp/libm.a
START GROUP
LOAD /opt/eclipse-usbdm/arm-gnu-toolchain-13.2.Rel1-x86_64-arm-none-eabi/bin/../lib/gcc/arm-none-eabi/13.2.1/thumb/v6-m/nofp/libgcc.a
LOAD /opt/eclipse-usbdm/arm-gnu-toolchain-13.2.Rel1-x86_64-arm-none-eabi/bin/../lib/gcc/arm-none-eabi/13.2.1/../../../../arm-none-eabi/lib/thumb/v6-m/nofp/libg_nano.a
LOAD /opt/eclipse-usbdm/arm-gnu-toolchain-13.2.Rel1-x86_64-arm-none-eabi/bin/../lib/gcc/arm-none-eabi/13.2.1/../../../../arm-none-eabi/lib/thumb/v6-m/nofp/libc_nano.a
END GROUP
START GROUP
LOAD /opt/eclipse-usbdm/arm-gnu-toolchain-13.2.Rel1-x86_64-arm-none-eabi/bin/../lib/gcc/arm-none-eabi/13.2.1/thumb/v6-m/nofp/libgcc.a
LOAD /opt/eclipse-usbdm/arm-gnu-toolchain-13.2.Rel1-x86_64-arm-none-eabi/bin/../lib/gcc/arm-none-eabi/13.2.1/../../../../arm-none-eabi/lib/thumb/v6-m/nofp/libc_nano.a
END GROUP
LOAD /opt/eclipse-usbdm/arm-gnu-toolchain-13.2.Rel1-x86_64-arm-none-eabi/bin/../lib/gcc/arm-none-eabi/13.2.1/thumb/v6-m/nofp/crtend.o
LOAD /opt/eclipse-usbdm/arm-gnu-toolchain-13.2.Rel1-x86_64-arm-none-eabi/bin/../lib/gcc/arm-none-eabi/13.2.1/thumb/v6-m/nofp/crtn.o
                0x00000130                        __stack_size = 0x130
                0x00000000                        __heap_size = 0x0
                0x00000000                        __sram_u_size = 0x0
                0x00000000                        FORCE_BOOT_LOADER = DEFINED (bootloaderInformation)?0x1:0x0
                0x00000000                        BOOT_LOADER_SIZE = DEFINED (BOOT_LOADER_SIZE)?BOOT_LOADER_SIZE:(0x4000 * FORCE_BOOT_LOADER)
                0x00000130                        PROVIDE (__stack_size__ = __stack_size)
                0x00000000                        PROVIDE (__heap_size__ = __heap_size)
                [!provide]                        PROVIDE (__HardReset = Reset_Handler)
                [!provide]                        PROVIDE (_start = main)

.interrupts     0x00000000      0x410
 FILL mask 0xff
                0x00000000                        __flash_start = .
                0x00000000                        __VECTOR_TABLE = .
 *(.interrupt_vectors)
 .interrupt_vectors
                0x00000000       0xb8 ./Startup_Code/vectors.o
                0x00000000                __vector_table
 *(.isr_vector)
                0x00000001                        ASSERT ((. != __flash_start), No reset vector found)
                0x000000b8                        __VECTOR_TABLE_END = .
                0x000003c0                        . = (__flash_start + 0x3c0)
 *fill*         0x000000b8      0x308 ff
 *(.bootloader_configuration)
                0x000003c0                        __bootloaderInformation = .
 *(.bootloaderInformation)
                0x00000001                        ASSERT (((BOOT_LOADER_SIZE == 0x0) || (. != __bootloaderInformation)), No bootloader information)
                0x00000400                        . = (__flash_start + 0x400)
 *fill*         0x000003c0       0x40 ff
 *(.security_information)
 .security_information
                0x00000400       0x10 ./Startup_Code/security.o
                0x00000400                securityInfo
                0x00000001                        ASSERT ((. == (__flash_start + 0x410)), No Freescale security information)
 *(.FlashConfig)
 *(.freertos_information)
                0x00000000                        M_VECTOR_RAM_SIZE = DEFINED (__ram_vector_table__)?(__VECTOR_TABLE_END - __VECTOR_TABLE):0x0

.text           0x00000410     0x1554
 *(.text)
 .text          0x00000410       0x80 /opt/eclipse-usbdm/arm-gnu-toolchain-13.2.Rel1-x86_64-arm-none-eabi/bin/../lib/gcc/arm-none-eabi/13.2.1/../../../../arm-none-eabi/lib/thumb/v6-m/nofp/crt0.o
                0x00000410                _stack_init
                0x0000041c                _mainCRTStartup
                0x0000041c                _start
 .text          0x00000490       0x44 ./Startup_Code/startup_ARMLtdGCC.o
                0x00000490                Reset_Handler
 .text          0x000004d4      0x114 /opt/eclipse-usbdm/arm-gnu-toolchain-13.2.Rel1-x86_64-arm-none-eabi/bin/../lib/gcc/arm-none-eabi/13.2.1/thumb/v6-m/nofp/libgcc.a(_udivsi3.o)
                0x000004d4                __udivsi3
                0x000004d4                __aeabi_uidiv
                0x000005e0                __aeabi_uidivmod
 .text          0x000005e8      0x1d4 /opt/eclipse-usbdm/arm-gnu-toolchain-13.2.Rel1-x86_64-arm-none-eabi/bin/../lib/gcc/arm-none-eabi/13.2.1/thumb/v6-m/nofp/libgcc.a(_divsi3.o)
                0x000005e8                __aeabi_idiv
                0x000005e8                __divsi3
                0x000007b4                __aeabi_idivmod
 .text          0x000007bc        0x4 /opt/eclipse-usbdm/arm-gnu-toolchain-13.2.Rel1-x86_64-arm-none-eabi/bin/../lib/gcc/arm-none-eabi/13.2.1/thumb/v6-m/nofp/libgcc.a(_dvmd_tls.o)
                0x000007bc                __aeabi_ldiv0
                0x000007bc                __aeabi_idiv0
 *(.text*)
 .text.deregister_tm_clones
                0x000007c0       0x20 /opt/eclipse-usbdm/arm-gnu-toolchain-13.2.Rel1-x86_64-arm-none-eabi/bin/../lib/gcc/arm-none-eabi/13.2.1/thumb/v6-m/nofp/crtbegin.o
 .text.register_tm_clones
                0x000007e0       0x28 /opt/eclipse-usbdm/arm-gnu-toolchain-13.2.Rel1-x86_64-arm-none-eabi/bin/../lib/gcc/arm-none-eabi/13.2.1/thumb/v6-m/nofp/crtbegin.o
 .text.__do_global_dtors_aux
                0x00000808       0x2c /opt/eclipse-usbdm/arm-gnu-toolchain-13.2.Rel1-x86_64-arm-none-eabi/bin/../lib/gcc/arm-none-eabi/13.2.1/thumb/v6-m/nofp/crtbegin.o
 .text.frame_dummy
                0x00000834       0x24 /opt/eclipse-usbdm/arm-gnu-toolchain-13.2.Rel1-x86_64-arm-none-eabi/bin/../lib/gcc/arm-none-eabi/13.2.1/thumb/v6-m/nofp/crtbegin.o
 .text._ZN5USBDM11FormattedIOD2Ev
                0x00000858        0xc ./Startup_Code/console.o
                0x00000858                USBDM::FormattedIO::~FormattedIO()
                0x00000858                USBDM::FormattedIO::~FormattedIO()
 .text._ZN5USBDM11FormattedIO16_isCharAvailableEv
                0x00000864        0x4 ./Startup_Code/console.o
                0x00000864                USBDM::FormattedIO::_isCharAvailable()
 .text._ZN5USBDM11FormattedIO9_readCharEv
                0x00000868        0x6 ./Startup_Code/console.o
                0x00000868                USBDM::FormattedIO::_readChar()
 .text._ZN5USBDM11FormattedIO10_writeCharEc
                0x0000086e        0x2 ./Startup_Code/console.o
                0x0000086e                USBDM::FormattedIO::_writeChar(char)
 .text._ZN5USBDM11FormattedIO11flushOutputEv
                0x00000870        0x2 ./Startup_Code/console.o
                0x00000870                USBDM::FormattedIO::flushOutput()
 .text._ZN5USBDM11FormattedIO10flushInputEv
                0x00000872        0x8 ./Startup_Code/console.o
                0x00000872                USBDM::FormattedIO::flushInput()
 .text._ZN5USBDM13UartBasicInfo11flushOutputEv
                0x0000087a        0xe ./Startup_Code/console.o
                0x0000087a                USBDM::UartBasicInfo::flushOutput()
 .text._ZN5USBDM13UartBasicInfo16_isCharAvailableEv
                0x00000888        0xc ./Startup_Code/console.o
                0x00000888                USBDM::UartBasicInfo::_isCharAvailable()
 .text._ZN5USBDM13UartBasicInfo9_readCharEv
                0x00000894       0x26 ./Startup_Code/console.o
                0x00000894                USBDM::UartBasicInfo::_readChar()
 .text._ZN5USBDM13UartBasicInfo10_writeCharEc
                0x000008ba       0x22 ./Startup_Code/console.o
                0x000008ba                USBDM::UartBasicInfo::_writeChar(char)
 .text._ZNK5USBDM9Uart0Info22getInputClockFrequencyEv
                0x000008dc        0x8 ./Startup_Code/console.o
                0x000008dc                USBDM::Uart0Info::getInputClockFrequency() const
 .text._ZN5USBDM9Uart0InfoD2Ev
                0x000008e4       0x1c ./Startup_Code/console.o
                0x000008e4                USBDM::Uart0Info::~Uart0Info()
                0x000008e4                USBDM::Uart0Info::~Uart0Info()
 .text._ZN5USBDM11FormattedIOD0Ev
                0x00000900       0x18 ./Startup_Code/console.o
                0x00000900                USBDM::FormattedIO::~FormattedIO()
 .text._ZN5USBDM9Uart0InfoD0Ev
                0x00000918       0x28 ./Startup_Code/console.o
                0x00000918                USBDM::Uart0Info::~Uart0Info()
 .text._ZN5USBDM11FormattedIO13private_writeEPKc
                0x00000940       0x1c ./Startup_Code/console.o
                0x00000940                USBDM::FormattedIO::private_write(char const*)
 .text._ZN5USBDM13UartBasicInfo11setBaudRateEPV9UART_TypemNS_12UartBaudRateE
                0x0000095c       0x36 ./Startup_Code/console.o
                0x0000095c                USBDM::UartBasicInfo::setBaudRate(UART_Type volatile*, unsigned long, USBDM::UartBaudRate)
 .text._ZN5USBDM13UartBasicInfo9configureEPV9UART_TypemRKNS0_4InitE
                0x00000992       0x26 ./Startup_Code/console.o
                0x00000992                USBDM::UartBasicInfo::configure(UART_Type volatile*, unsigned long, USBDM::UartBasicInfo::Init const&)
 .text._ZN5USBDM9Uart0Info11setBaudRateENS_12UartBaudRateE
                0x000009b8       0x1c ./Startup_Code/console.o
                0x000009b8                USBDM::Uart0Info::setBaudRate(USBDM::UartBaudRate)
 .text._ZN5USBDM9Uart0Info9configureERKNS_13UartBasicInfo4InitE
                0x000009d4       0x28 ./Startup_Code/console.o
                0x000009d4                USBDM::Uart0Info::configure(USBDM::UartBasicInfo::Init const&)
 .text._ZN5USBDM9Uart0InfoC2Ev
                0x000009fc       0x54 ./Startup_Code/console.o
                0x000009fc                USBDM::Uart0Info::Uart0Info()
                0x000009fc                USBDM::Uart0Info::Uart0Info()
 .text._Z41__static_initialization_and_destruction_0v
                0x00000a50       0x24 ./Startup_Code/console.o
 .text._ZN5USBDM9log_errorEPKc
                0x00000a74       0x1c ./Startup_Code/console.o
                0x00000a74                USBDM::log_error(char const*)
 .text.console_initialise
                0x00000a90       0x28 ./Startup_Code/console.o
                0x00000a90                console_initialise
 .text._GLOBAL__sub_I__ZN5USBDM9log_errorEPKc
                0x00000ab8        0x8 ./Startup_Code/console.o
 .text._ZN5USBDM3Ics16startupConfigureEv
                0x00000ac0       0x20 ./Startup_Code/ics.o
                0x00000ac0                USBDM::Ics::startupConfigure()
 .text.clock_initialise
                0x00000ae0       0x1c ./Startup_Code/ics.o
                0x00000ae0                clock_initialise
 .text._exit    0x00000afc        0x4 ./Startup_Code/newlib_stubs.o
                0x00000afc                _exit
 .text.__cxa_pure_virtual
                0x00000b00        0x8 ./Startup_Code/system-gcc.o
                0x00000b00                __cxa_pure_virtual
 .text.software_init_hook
                0x00000b08        0x2 ./Startup_Code/system.o
                0x00000b08                software_init_hook
 *fill*         0x00000b0a        0x2 
 .text.SystemInitLowLevel
                0x00000b0c       0x38 ./Startup_Code/system.o
                0x00000b0c                SystemInitLowLevel
 .text.SystemInit
                0x00000b44       0x2c ./Startup_Code/system.o
                0x00000b44                SystemInit
 .text.Default_Handler
                0x00000b70       0x14 ./Startup_Code/vectors.o
                0x00000b70                I2C0_IRQHandler
                0x00000b70                SysTick_Handler
                0x00000b70                PendSV_Handler
                0x00000b70                NMI_Handler
                0x00000b70                UART0_IRQHandler
                0x00000b70                ADC0_IRQHandler
                0x00000b70                FTMRE_IRQHandler
                0x00000b70                RTC_IRQHandler
                0x00000b70                IRQ_IRQHandler
                0x00000b70                Default_Handler
                0x00000b70                ACMP0_IRQHandler
                0x00000b70                PWT_IRQHandler
                0x00000b70                SVC_Handler
                0x00000b70                ICS_IRQHandler
                0x00000b70                KBI0_IRQHandler
                0x00000b70                PMC_IRQHandler
                0x00000b70                SPI0_IRQHandler
                0x00000b70                FTM0_IRQHandler
                0x00000b70                WDOG_IRQHandler
                0x00000b70                FTM2_IRQHandler
                0x00000b70                ACMP1_IRQHandler
                0x00000b70                KBI1_IRQHandler
 .text.HardFault_Handler
                0x00000b84        0x4 ./Startup_Code/vectors.o
                0x00000b84                HardFault_Handler
 .text._ZN5USBDM7PitInfo10irqHandlerILNS0_6IrqNumE0EEEvv
                0x00000b88       0x40 ./Startup_Code/vectors.o
                0x00000b88                void USBDM::PitInfo::irqHandler<(USBDM::PitInfo::IrqNum)0>()
 .text._ZN5USBDM7PitInfo10irqHandlerILNS0_6IrqNumE1EEEvv
                0x00000bc8       0x40 ./Startup_Code/vectors.o
                0x00000bc8                void USBDM::PitInfo::irqHandler<(USBDM::PitInfo::IrqNum)1>()
 .text._ZN5USBDM12PitBasicInfo17unhandledCallbackEv
                0x00000c08       0x14 ./Startup_Code/vectors.o
                0x00000c08                USBDM::PitBasicInfo::unhandledCallback()
 .text._ZL12getEventNameN5USBDM5EventE
                0x00000c1c       0x18 ./Sources/main.o
 .text._ZL12getStateName5State
                0x00000c34       0x18 ./Sources/main.o
 .text._Z41__static_initialization_and_destruction_0v
                0x00000c4c       0x10 ./Sources/main.o
 .text._ZN5USBDM11FormattedIO5ultoaEPcmNS_5RadixENS_7PaddingEib
                0x00000c5c      0x110 ./Sources/main.o
                0x00000c5c                USBDM::FormattedIO::ultoa(char*, unsigned long, USBDM::Radix, USBDM::Padding, int, bool)
 .text._ZN5USBDM11FormattedIO4ltoaEPclNS_5RadixENS_7PaddingEi
                0x00000d6c       0x1c ./Sources/main.o
                0x00000d6c                USBDM::FormattedIO::ltoa(char*, long, USBDM::Radix, USBDM::Padding, int)
 .text._ZN5USBDM11FormattedIO13private_writeEmRKNS_13IntegerFormatE
                0x00000d88       0x26 ./Sources/main.o
                0x00000d88                USBDM::FormattedIO::private_write(unsigned long, USBDM::IntegerFormat const&)
 .text._ZN5USBDM11FormattedIO13private_writeElRKNS_13IntegerFormatE
                0x00000dae       0x22 ./Sources/main.o
                0x00000dae                USBDM::FormattedIO::private_write(long, USBDM::IntegerFormat const&)
 .text._ZN5USBDM7PitInfo11setCallbackENS0_6IrqNumEPFvvE
                0x00000dd0       0x44 ./Sources/main.o
                0x00000dd0                USBDM::PitInfo::setCallback(USBDM::PitInfo::IrqNum, void (*)())
 .text._ZN5USBDM7PitInfo24defaultConfigureIfNeededEv
                0x00000e14       0x38 ./Sources/main.o
                0x00000e14                USBDM::PitInfo::defaultConfigureIfNeeded()
 .text._ZN5USBDM7PitInfo9configureENS_13PitChannelNumERKNS_12PitBasicInfo11ChannelInitE
                0x00000e4c       0x50 ./Sources/main.o
                0x00000e4c                USBDM::PitInfo::configure(USBDM::PitChannelNum, USBDM::PitBasicInfo::ChannelInit const&)
 .text._ZN5USBDM12AdcBasicInfo22getInputClockFrequencyENS_14AdcClockSourceE
                0x00000e9c       0x50 ./Sources/main.o
                0x00000e9c                USBDM::AdcBasicInfo::getInputClockFrequency(USBDM::AdcClockSource)
 .text._ZN5USBDM12AdcBasicInfo21calculateClockDividerEh
                0x00000eec       0x84 ./Sources/main.o
                0x00000eec                USBDM::AdcBasicInfo::calculateClockDivider(unsigned char)
 .text._ZN5USBDM12AdcBasicInfo9configureEPV8ADC_TypeRKNS0_4InitE
                0x00000f70       0x30 ./Sources/main.o
                0x00000f70                USBDM::AdcBasicInfo::configure(ADC_Type volatile*, USBDM::AdcBasicInfo::Init const&)
 .text._ZN5USBDM8Adc0Info9configureERKNS_12AdcBasicInfo4InitE
                0x00000fa0       0x20 ./Sources/main.o
                0x00000fa0                USBDM::Adc0Info::configure(USBDM::AdcBasicInfo::Init const&)
 .text._ZN5USBDM9AdcBase_TINS_8Adc0InfoEE13ChannelCommonILNS_13AdcChannelNumE7EE12readAnalogueEv
                0x00000fc0       0x24 ./Sources/main.o
                0x00000fc0                USBDM::AdcBase_T<USBDM::Adc0Info>::ChannelCommon<(USBDM::AdcChannelNum)7>::readAnalogue()
 .text._Z14getDetectLevelv
                0x00000fe4       0x10 ./Sources/main.o
                0x00000fe4                getDetectLevel()
 .text._ZN5USBDM9AdcBase_TINS_8Adc0InfoEE13ChannelCommonILNS_13AdcChannelNumE5EE12readAnalogueEv
                0x00000ff4       0x24 ./Sources/main.o
                0x00000ff4                USBDM::AdcBase_T<USBDM::Adc0Info>::ChannelCommon<(USBDM::AdcChannelNum)5>::readAnalogue()
 .text._Z15getDelayControlv
                0x00001018       0x1c ./Sources/main.o
                0x00001018                getDelayControl()
 .text._ZN5USBDM9AdcBase_TINS_8Adc0InfoEE13ChannelCommonILNS_13AdcChannelNumE6EE12readAnalogueEv
                0x00001034       0x24 ./Sources/main.o
                0x00001034                USBDM::AdcBase_T<USBDM::Adc0Info>::ChannelCommon<(USBDM::AdcChannelNum)6>::readAnalogue()
 .text._Z14getHoldControlv
                0x00001058       0x18 ./Sources/main.o
                0x00001058                getHoldControl()
 .text._ZN5USBDM6Gpio_TILNS_8PinIndexE15ELNS_8PolarityE4294967295EE5setInEv
                0x00001070       0x14 ./Sources/main.o
                0x00001070                USBDM::Gpio_T<(USBDM::PinIndex)15, (USBDM::Polarity)4294967295>::setIn()
 .text._ZN5USBDM6Gpio_TILNS_8PinIndexE15ELNS_8PolarityE4294967295EE4readEv
                0x00001084       0x10 ./Sources/main.o
                0x00001084                USBDM::Gpio_T<(USBDM::PinIndex)15, (USBDM::Polarity)4294967295>::read()
 .text._ZN5USBDM9AdcBase_TINS_8Adc0InfoEE13ChannelCommonILNS_13AdcChannelNumE4EE12readAnalogueEv
                0x00001094       0x24 ./Sources/main.o
                0x00001094                USBDM::AdcBase_T<USBDM::Adc0Info>::ChannelCommon<(USBDM::AdcChannelNum)4>::readAnalogue()
 .text._ZN5USBDM9AdcBase_TINS_8Adc0InfoEE13ChannelCommonILNS_13AdcChannelNumE1EE12readAnalogueEv
                0x000010b8       0x24 ./Sources/main.o
                0x000010b8                USBDM::AdcBase_T<USBDM::Adc0Info>::ChannelCommon<(USBDM::AdcChannelNum)1>::readAnalogue()
 .text._ZN5USBDM6Gpio_TILNS_8PinIndexE12ELNS_8PolarityE0EE5writeEb
                0x000010dc       0x18 ./Sources/main.o
                0x000010dc                USBDM::Gpio_T<(USBDM::PinIndex)12, (USBDM::Polarity)0>::write(bool)
 .text._ZN5USBDM6Gpio_TILNS_8PinIndexE15ELNS_8PolarityE4294967295EE6setOutEv
                0x000010f4       0x14 ./Sources/main.o
                0x000010f4                USBDM::Gpio_T<(USBDM::PinIndex)15, (USBDM::Polarity)4294967295>::setOut()
 .text._ZN5USBDM6Gpio_TILNS_8PinIndexE14ELNS_8PolarityE4294967295EE6setOutEv
                0x00001108       0x14 ./Sources/main.o
                0x00001108                USBDM::Gpio_T<(USBDM::PinIndex)14, (USBDM::Polarity)4294967295>::setOut()
 .text._ZN5USBDM6Gpio_TILNS_8PinIndexE13ELNS_8PolarityE0EE6setOutEv
                0x0000111c       0x14 ./Sources/main.o
                0x0000111c                USBDM::Gpio_T<(USBDM::PinIndex)13, (USBDM::Polarity)0>::setOut()
 .text._ZN5USBDM6Gpio_TILNS_8PinIndexE15ELNS_8PolarityE4294967295EE8setInputEv
                0x00001130       0x1c ./Sources/main.o
                0x00001130                USBDM::Gpio_T<(USBDM::PinIndex)15, (USBDM::Polarity)4294967295>::setInput()
 .text._ZN5USBDM6Gpio_TILNS_8PinIndexE12ELNS_8PolarityE0EE9setOutputEv
                0x0000114c       0x1c ./Sources/main.o
                0x0000114c                USBDM::Gpio_T<(USBDM::PinIndex)12, (USBDM::Polarity)0>::setOutput()
 .text._ZN5USBDM5QueueILi10EE7deQueueEv
                0x00001168       0x3c ./Sources/main.o
                0x00001168                USBDM::Queue<10>::deQueue()
 .text._ZN5USBDM5QueueILi10EE20enQueueDiscardOnFullENS_5EventE
                0x000011a4       0x44 ./Sources/main.o
                0x000011a4                USBDM::Queue<10>::enQueueDiscardOnFull(USBDM::Event)
 .text._ZN5USBDM5QueueILi10EE7enQueueENS_5EventE
                0x000011e8       0x20 ./Sources/main.o
                0x000011e8                USBDM::Queue<10>::enQueue(USBDM::Event)
 .text._Z13timerCallbackv
                0x00001208      0x154 ./Sources/main.o
                0x00001208                timerCallback()
 .text._ZN5USBDM11GpioField_TILNS_8PinIndexE15ELS1_12ELm12EE5writeEm
                0x0000135c       0x14 ./Sources/main.o
                0x0000135c                USBDM::GpioField_T<(USBDM::PinIndex)15, (USBDM::PinIndex)12, 12ul>::write(unsigned long)
 .text._ZN5USBDM11GpioField_TILNS_8PinIndexE15ELS1_12ELm12EE8setInOutEv
                0x00001370       0x24 ./Sources/main.o
                0x00001370                USBDM::GpioField_T<(USBDM::PinIndex)15, (USBDM::PinIndex)12, 12ul>::setInOut()
 .text._Z10initialisev
                0x00001394       0x74 ./Sources/main.o
                0x00001394                initialise()
 .text._ZN5USBDM6Gpio_TILNS_8PinIndexE13ELNS_8PolarityE0EE11setInactiveEv
                0x00001408       0x10 ./Sources/main.o
                0x00001408                USBDM::Gpio_T<(USBDM::PinIndex)13, (USBDM::Polarity)0>::setInactive()
 .text._ZN5USBDM6Gpio_TILNS_8PinIndexE15ELNS_8PolarityE4294967295EE9setActiveEv
                0x00001418       0x10 ./Sources/main.o
                0x00001418                USBDM::Gpio_T<(USBDM::PinIndex)15, (USBDM::Polarity)4294967295>::setActive()
 .text._ZN5USBDM6Gpio_TILNS_8PinIndexE15ELNS_8PolarityE4294967295EE11setInactiveEv
                0x00001428       0x10 ./Sources/main.o
                0x00001428                USBDM::Gpio_T<(USBDM::PinIndex)15, (USBDM::Polarity)4294967295>::setInactive()
 .text._ZN5USBDM6Gpio_TILNS_8PinIndexE13ELNS_8PolarityE0EE9setActiveEv
                0x00001438       0x10 ./Sources/main.o
                0x00001438                USBDM::Gpio_T<(USBDM::PinIndex)13, (USBDM::Polarity)0>::setActive()
 .text._ZN5USBDM6Gpio_TILNS_8PinIndexE14ELNS_8PolarityE4294967295EE9setActiveEv
                0x00001448       0x10 ./Sources/main.o
                0x00001448                USBDM::Gpio_T<(USBDM::PinIndex)14, (USBDM::Polarity)4294967295>::setActive()
 .text._ZN5USBDM6Gpio_TILNS_8PinIndexE14ELNS_8PolarityE4294967295EE11setInactiveEv
                0x00001458       0x10 ./Sources/main.o
                0x00001458                USBDM::Gpio_T<(USBDM::PinIndex)14, (USBDM::Polarity)4294967295>::setInactive()
 .text.main     0x00001468      0x238 ./Sources/main.o
                0x00001468                main
 .text._GLOBAL__sub_I_eventQueue
                0x000016a0        0x8 ./Sources/main.o
 .text.NVIC_EnableIRQ
                0x000016a8       0x14 ./Sources/usbdmError.o
 .text.NVIC_DisableIRQ
                0x000016bc       0x14 ./Sources/usbdmError.o
 .text.NVIC_ClearPendingIRQ
                0x000016d0       0x18 ./Sources/usbdmError.o
 .text.NVIC_SetPriority
                0x000016e8       0x60 ./Sources/usbdmError.o
 .text._ZN5USBDM15getErrorMessageENS_9ErrorCodeE
                0x00001748       0x18 ./Sources/usbdmError.o
                0x00001748                USBDM::getErrorMessage(USBDM::ErrorCode)
 .text._ZN5USBDM10checkErrorEv
                0x00001760       0x28 ./Sources/usbdmError.o
                0x00001760                USBDM::checkError()
 .text._ZN5USBDM19enableNvicInterruptE9IRQn_TypeNS_12NvicPriorityE
                0x00001788       0x24 ./Sources/usbdmError.o
                0x00001788                USBDM::enableNvicInterrupt(IRQn_Type, USBDM::NvicPriority)
 .text.__aeabi_atexit
                0x000017ac        0xe /opt/eclipse-usbdm/arm-gnu-toolchain-13.2.Rel1-x86_64-arm-none-eabi/bin/../lib/gcc/arm-none-eabi/13.2.1/../../../../arm-none-eabi/lib/thumb/v6-m/nofp/libstdc++_nano.a(atexit_arm.o)
                0x000017ac                __aeabi_atexit
 .text._ZdlPvj  0x000017ba        0x8 /opt/eclipse-usbdm/arm-gnu-toolchain-13.2.Rel1-x86_64-arm-none-eabi/bin/../lib/gcc/arm-none-eabi/13.2.1/../../../../arm-none-eabi/lib/thumb/v6-m/nofp/libstdc++_nano.a(del_ops.o)
                0x000017ba                operator delete(void*, unsigned int)
 .text._ZdlPv   0x000017c2        0x8 /opt/eclipse-usbdm/arm-gnu-toolchain-13.2.Rel1-x86_64-arm-none-eabi/bin/../lib/gcc/arm-none-eabi/13.2.1/../../../../arm-none-eabi/lib/thumb/v6-m/nofp/libstdc++_nano.a(del_op.o)
                0x000017c2                operator delete(void*)
 *fill*         0x000017ca        0x2 
 .text.exit     0x000017cc       0x28 /opt/eclipse-usbdm/arm-gnu-toolchain-13.2.Rel1-x86_64-arm-none-eabi/bin/../lib/gcc/arm-none-eabi/13.2.1/../../../../arm-none-eabi/lib/thumb/v6-m/nofp/libg_nano.a(libc_a-exit.o)
                0x000017cc                exit
 .text.__libc_init_array
                0x000017f4       0x48 /opt/eclipse-usbdm/arm-gnu-toolchain-13.2.Rel1-x86_64-arm-none-eabi/bin/../lib/gcc/arm-none-eabi/13.2.1/../../../../arm-none-eabi/lib/thumb/v6-m/nofp/libg_nano.a(libc_a-init.o)
                0x000017f4                __libc_init_array
 .text.free     0x0000183c       0x14 /opt/eclipse-usbdm/arm-gnu-toolchain-13.2.Rel1-x86_64-arm-none-eabi/bin/../lib/gcc/arm-none-eabi/13.2.1/../../../../arm-none-eabi/lib/thumb/v6-m/nofp/libg_nano.a(libc_a-malloc.o)
                0x0000183c                free
 .text.__cxa_atexit
                0x00001850       0x1c /opt/eclipse-usbdm/arm-gnu-toolchain-13.2.Rel1-x86_64-arm-none-eabi/bin/../lib/gcc/arm-none-eabi/13.2.1/../../../../arm-none-eabi/lib/thumb/v6-m/nofp/libg_nano.a(libc_a-cxa_atexit.o)
                0x00001850                __cxa_atexit
 .text.__malloc_lock
                0x0000186c       0x10 /opt/eclipse-usbdm/arm-gnu-toolchain-13.2.Rel1-x86_64-arm-none-eabi/bin/../lib/gcc/arm-none-eabi/13.2.1/../../../../arm-none-eabi/lib/thumb/v6-m/nofp/libg_nano.a(libc_a-mlock.o)
                0x0000186c                __malloc_lock
 .text.__malloc_unlock
                0x0000187c       0x10 /opt/eclipse-usbdm/arm-gnu-toolchain-13.2.Rel1-x86_64-arm-none-eabi/bin/../lib/gcc/arm-none-eabi/13.2.1/../../../../arm-none-eabi/lib/thumb/v6-m/nofp/libg_nano.a(libc_a-mlock.o)
                0x0000187c                __malloc_unlock
 .text.memset   0x0000188c       0x10 /opt/eclipse-usbdm/arm-gnu-toolchain-13.2.Rel1-x86_64-arm-none-eabi/bin/../lib/gcc/arm-none-eabi/13.2.1/../../../../arm-none-eabi/lib/thumb/v6-m/nofp/libg_nano.a(libc_a-memset.o)
                0x0000188c                memset
 .text._free_r  0x0000189c       0x94 /opt/eclipse-usbdm/arm-gnu-toolchain-13.2.Rel1-x86_64-arm-none-eabi/bin/../lib/gcc/arm-none-eabi/13.2.1/../../../../arm-none-eabi/lib/thumb/v6-m/nofp/libg_nano.a(libc_a-freer.o)
                0x0000189c                _free_r
 .text.__retarget_lock_acquire_recursive
                0x00001930        0x2 /opt/eclipse-usbdm/arm-gnu-toolchain-13.2.Rel1-x86_64-arm-none-eabi/bin/../lib/gcc/arm-none-eabi/13.2.1/../../../../arm-none-eabi/lib/thumb/v6-m/nofp/libg_nano.a(libc_a-lock.o)
                0x00001930                __retarget_lock_acquire_recursive
 .text.__retarget_lock_release_recursive
                0x00001932        0x2 /opt/eclipse-usbdm/arm-gnu-toolchain-13.2.Rel1-x86_64-arm-none-eabi/bin/../lib/gcc/arm-none-eabi/13.2.1/../../../../arm-none-eabi/lib/thumb/v6-m/nofp/libg_nano.a(libc_a-lock.o)
                0x00001932                __retarget_lock_release_recursive
 *(.init)
 .init          0x00001934        0x4 /opt/eclipse-usbdm/arm-gnu-toolchain-13.2.Rel1-x86_64-arm-none-eabi/bin/../lib/gcc/arm-none-eabi/13.2.1/thumb/v6-m/nofp/crti.o
                0x00001934                _init
 .init          0x00001938        0x8 /opt/eclipse-usbdm/arm-gnu-toolchain-13.2.Rel1-x86_64-arm-none-eabi/bin/../lib/gcc/arm-none-eabi/13.2.1/thumb/v6-m/nofp/crtn.o
 *(.fini)
 .fini          0x00001940        0x4 /opt/eclipse-usbdm/arm-gnu-toolchain-13.2.Rel1-x86_64-arm-none-eabi/bin/../lib/gcc/arm-none-eabi/13.2.1/thumb/v6-m/nofp/crti.o
                0x00001940                _fini
 .fini          0x00001944        0x8 /opt/eclipse-usbdm/arm-gnu-toolchain-13.2.Rel1-x86_64-arm-none-eabi/bin/../lib/gcc/arm-none-eabi/13.2.1/thumb/v6-m/nofp/crtn.o
                0x0000194c                        __CTOR_LIST__ = .
 *crtbegin.o(.ctors)
 *crtbegin?.o(.ctors)
 *(EXCLUDE_FILE(*crtend.o *crtend?.o) .ctors)
 *(SORT_BY_NAME(.ctors.*))
 *(.ctors)
                0x0000194c                        __CTOR_END__ = .
                0x0000194c                        __DTOR_LIST__ = .
 *crtbegin.o(.dtors)
 *crtbegin?.o(.dtors)
 *(EXCLUDE_FILE(*crtend.o *crtend?.o) .dtors)
 *(SORT_BY_NAME(.dtors.*))
 *(.dtors)
                0x0000194c                        __DTOR_END__ = .
                0x0000194c                        . = ALIGN (0x4)
                0x0000194c                        PROVIDE (__preinit_array_start = .)
 *(.preinit_array*)
                0x0000194c                        PROVIDE (__preinit_array_end = .)
                0x0000194c                        . = ALIGN (0x4)
                0x0000194c                        PROVIDE (__init_array_start = .)
 *(SORT_BY_NAME(.init_array.*))
 *(.init_array*)
 .init_array    0x0000194c        0x4 /opt/eclipse-usbdm/arm-gnu-toolchain-13.2.Rel1-x86_64-arm-none-eabi/bin/../lib/gcc/arm-none-eabi/13.2.1/thumb/v6-m/nofp/crtbegin.o
 .init_array    0x00001950        0x4 ./Startup_Code/console.o
 .init_array    0x00001954        0x4 ./Startup_Code/system.o
 .init_array    0x00001958        0x4 ./Sources/main.o
                0x0000195c                        PROVIDE (__init_array_end = .)
                0x0000195c                        . = ALIGN (0x4)
                [!provide]                        PROVIDE (__fini_array_start = .)
 *(SORT_BY_NAME(.fini_array.*))
 *(.fini_array*)
 .fini_array    0x0000195c        0x4 /opt/eclipse-usbdm/arm-gnu-toolchain-13.2.Rel1-x86_64-arm-none-eabi/bin/../lib/gcc/arm-none-eabi/13.2.1/thumb/v6-m/nofp/crtbegin.o
                [!provide]                        PROVIDE (__fini_array_end = .)
 *(.jcr*)
 *(.eh_frame*)
 .eh_frame      0x00001960        0x0 /opt/eclipse-usbdm/arm-gnu-toolchain-13.2.Rel1-x86_64-arm-none-eabi/bin/../lib/gcc/arm-none-eabi/13.2.1/thumb/v6-m/nofp/crtbegin.o
 .eh_frame      0x00001960        0x4 /opt/eclipse-usbdm/arm-gnu-toolchain-13.2.Rel1-x86_64-arm-none-eabi/bin/../lib/gcc/arm-none-eabi/13.2.1/thumb/v6-m/nofp/crtend.o

.glue_7         0x00001964        0x0
 .glue_7        0x00001964        0x0 linker stubs

.glue_7t        0x00001964        0x0
 .glue_7t       0x00001964        0x0 linker stubs

.vfp11_veneer   0x00001964        0x0
 .vfp11_veneer  0x00001964        0x0 linker stubs

.v4_bx          0x00001964        0x0
 .v4_bx         0x00001964        0x0 linker stubs

.iplt           0x00001964        0x0
 .iplt          0x00001964        0x0 /opt/eclipse-usbdm/arm-gnu-toolchain-13.2.Rel1-x86_64-arm-none-eabi/bin/../lib/gcc/arm-none-eabi/13.2.1/thumb/v6-m/nofp/crtbegin.o

.rodata         0x00001964      0x4c4
 *(.rodata)
 *(.rodata*)
 .rodata._ZTVN5USBDM11FormattedIOE
                0x00001964       0x24 ./Startup_Code/console.o
                0x00001964                vtable for USBDM::FormattedIO
 .rodata._ZTVN5USBDM13UartBasicInfoE
                0x00001988       0x28 ./Startup_Code/console.o
                0x00001988                vtable for USBDM::UartBasicInfo
 .rodata._ZTVN5USBDM9Uart0InfoE
                0x000019b0       0x28 ./Startup_Code/console.o
                0x000019b0                vtable for USBDM::Uart0Info
 .rodata._ZN5USBDM9Uart0Info16DefaultInitValueE
                0x000019d8        0xc ./Startup_Code/console.o
                0x000019d8                USBDM::Uart0Info::DefaultInitValue
 .rodata._ZL12getEventNameN5USBDM5EventE.str1.4
                0x000019e4      0x3a8 ./Sources/main.o
                                  0x8 (size before relaxing)
 .rodata._ZN5USBDM11FormattedIO5ultoaEPcmNS_5RadixENS_7PaddingEib.str1.4
                0x00001d8c       0x11 ./Sources/main.o
 .rodata._ZN5USBDM7PitInfo11setCallbackENS0_6IrqNumEPFvvE.str1.4
                0x00001d8c       0x45 ./Sources/main.o
 .rodata._ZN5USBDM12AdcBasicInfo21calculateClockDividerEh.str1.4
                0x00001d8c       0x53 ./Sources/main.o
 .rodata._ZN5USBDM5QueueILi10EE7enQueueENS_5EventE.str1.4
                0x00001d8c       0x35 ./Sources/main.o
 .rodata.main.str1.4
                0x00001d8c       0x5a ./Sources/main.o
 .rodata._ZZ10initialisevE16timerChannelInit
                0x00001d8c        0xc ./Sources/main.o
 .rodata._ZZ10initialisevE7adcInit
                0x00001d98       0x10 ./Sources/main.o
 .rodata.str1.4
                0x00001da8       0x5f ./Sources/main.o
 .rodata._ZZL12getStateName5StateE5names
                0x00001da8       0x14 ./Sources/main.o
 .rodata._ZZL12getEventNameN5USBDM5EventEE5names
                0x00001dbc       0x14 ./Sources/main.o
 .rodata._ZN5USBDM7PitInfo7irqNumsE
                0x00001dd0        0x2 ./Sources/main.o
                0x00001dd0                USBDM::PitInfo::irqNums
 .rodata._ZN5USBDM15getErrorMessageENS_9ErrorCodeE.str1.4
                0x00001dd2        0xe ./Sources/usbdmError.o
 .rodata.str1.4
                0x00001dd2      0x1ec ./Sources/usbdmError.o
 *fill*         0x00001dd2        0x2 
 .rodata._ZN5USBDML8messagesE
                0x00001dd4       0x54 ./Sources/usbdmError.o

.ARM.extab
 *(.ARM.extab* .gnu.linkonce.armextab.*)
                0x00001e28                        __exidx_start = .

.ARM.exidx      0x00001e28        0x8
 *(.ARM.exidx* .gnu.linkonce.armexidx.*)
 .ARM.exidx     0x00001e28        0x8 /opt/eclipse-usbdm/arm-gnu-toolchain-13.2.Rel1-x86_64-arm-none-eabi/bin/../lib/gcc/arm-none-eabi/13.2.1/../../../../arm-none-eabi/lib/thumb/v6-m/nofp/crt0.o
                                 0x10 (size before relaxing)
                0x00001e30                        __exidx_end = .

.rel.dyn        0x00001e30        0x0
 .rel.iplt      0x00001e30        0x0 /opt/eclipse-usbdm/arm-gnu-toolchain-13.2.Rel1-x86_64-arm-none-eabi/bin/../lib/gcc/arm-none-eabi/13.2.1/thumb/v6-m/nofp/crtbegin.o

.flash          0x00001e30        0x0
                0x00001e30                        . = ALIGN (0x4)
 *(.flash)
                0x00001e30                        __etext = .
                0x00001e30                        __DATA_ROM = .

.mtb            0x1fffff00        0x0
                0x1fffff00                        . = ALIGN (0x8)
                0x1fffff00                        _mtb_start = .
 *(.mtb_buf)
                0x1fffff00                        . = ALIGN (0x8)
                0x1fffff00                        _mtb_end = .

.interrupts_ram
                0x1fffff00        0x0
                0x1fffff00                        . = ALIGN (0x4)
                0x1fffff00                        __VECTOR_RAM__ = .
                0x1fffff00                        __interrupts_ram_start__ = .
 *(.m_interrupts_ram)
                0x1fffff00                        . = (. + M_VECTOR_RAM_SIZE)
                0x1fffff00                        . = ALIGN (0x4)
                0x1fffff00                        __interrupts_ram_end__ = .
                0x00000000                        __VECTOR_RAM = DEFINED (__ram_vector_table__)?__VECTOR_RAM__:__VECTOR_TABLE
                0x00000000                        __RAM_VECTOR_TABLE_SIZE_BYTES = (__interrupts_ram_end__ - __interrupts_ram_start__)

.bdts
 *(.bss*endPointBdts*)

.data           0x1fffff00       0x68 load address 0x00001e30
                0x1fffff00                        __data_start__ = .
                0x1fffff00                        __DATA_RAM = .
 *(vtable)
 *(.data*)
 .data.__dso_handle
                0x1fffff00        0x4 /opt/eclipse-usbdm/arm-gnu-toolchain-13.2.Rel1-x86_64-arm-none-eabi/bin/../lib/gcc/arm-none-eabi/13.2.1/thumb/v6-m/nofp/crtbegin.o
                0x1fffff00                __dso_handle
 .data._ZN5USBDM7PitInfo10sCallbacksE
                0x1fffff04        0x8 ./Startup_Code/vectors.o
                0x1fffff04                USBDM::PitInfo::sCallbacks
 .data._ZZ4mainE9lastState
                0x1fffff0c        0x1 ./Sources/main.o
 *fill*         0x1fffff0d        0x3 
 .data._ZL11detectLevel
                0x1fffff10        0x4 ./Sources/main.o
 .data._ZL17samplesThisPeriod
                0x1fffff14        0x4 ./Sources/main.o
 .data._impure_ptr
                0x1fffff18        0x4 /opt/eclipse-usbdm/arm-gnu-toolchain-13.2.Rel1-x86_64-arm-none-eabi/bin/../lib/gcc/arm-none-eabi/13.2.1/../../../../arm-none-eabi/lib/thumb/v6-m/nofp/libg_nano.a(libc_a-impure.o)
                0x1fffff18                _impure_ptr
 .data._impure_data
                0x1fffff1c       0x4c /opt/eclipse-usbdm/arm-gnu-toolchain-13.2.Rel1-x86_64-arm-none-eabi/bin/../lib/gcc/arm-none-eabi/13.2.1/../../../../arm-none-eabi/lib/thumb/v6-m/nofp/libg_nano.a(libc_a-impure.o)
                0x1fffff1c                _impure_data
                0x1fffff68                        . = ALIGN (0x4)
 *(.ram_functions)
                0x1fffff68                        . = ALIGN (0x4)
                0x1fffff68                        __data_end__ = .
                0x00001e98                        __DATA_END = (__DATA_ROM + SIZEOF (.data))
                0x00001e30                        __data_image_start__ = LOADADDR (.data)

.tm_clone_table
                0x1fffff68        0x0 load address 0x00001e98
 .tm_clone_table
                0x1fffff68        0x0 /opt/eclipse-usbdm/arm-gnu-toolchain-13.2.Rel1-x86_64-arm-none-eabi/bin/../lib/gcc/arm-none-eabi/13.2.1/thumb/v6-m/nofp/crtbegin.o
 .tm_clone_table
                0x1fffff68        0x0 /opt/eclipse-usbdm/arm-gnu-toolchain-13.2.Rel1-x86_64-arm-none-eabi/bin/../lib/gcc/arm-none-eabi/13.2.1/thumb/v6-m/nofp/crtend.o

.igot.plt       0x1fffff68        0x0 load address 0x00001e98
 .igot.plt      0x1fffff68        0x0 /opt/eclipse-usbdm/arm-gnu-toolchain-13.2.Rel1-x86_64-arm-none-eabi/bin/../lib/gcc/arm-none-eabi/13.2.1/thumb/v6-m/nofp/crtbegin.o

.noinit         0x1fffff68        0x0 load address 0x00001e98
                0x1fffff68                        . = ALIGN (0x4)
 *(.noinit)

.bss            0x20000000      0x1c8
                0x20000000                        . = ALIGN (0x4)
                0x20000000                        __START_BSS = .
                0x20000000                        __bss_start__ = .
 *(.bss)
 *(.bss*)
 .bss.completed.1
                0x20000000        0x1 /opt/eclipse-usbdm/arm-gnu-toolchain-13.2.Rel1-x86_64-arm-none-eabi/bin/../lib/gcc/arm-none-eabi/13.2.1/thumb/v6-m/nofp/crtbegin.o
 *fill*         0x20000001        0x3 
 .bss.object.0  0x20000004       0x18 /opt/eclipse-usbdm/arm-gnu-toolchain-13.2.Rel1-x86_64-arm-none-eabi/bin/../lib/gcc/arm-none-eabi/13.2.1/thumb/v6-m/nofp/crtbegin.o
 .bss._ZN5USBDM7consoleE
                0x2000001c       0x18 ./Startup_Code/console.o
                0x2000001c                USBDM::console
 .bss._ZN5USBDM7PitInfo12clearOnEventE
                0x20000034        0x1 ./Startup_Code/vectors.o
                0x20000034                USBDM::PitInfo::clearOnEvent
 *fill*         0x20000035        0x3 
 .bss._ZZ4mainE11timeCounter
                0x20000038        0x4 ./Sources/main.o
 .bss._ZZ13timerCallbackvE10lastLoadOn
                0x2000003c        0x1 ./Sources/main.o
 *fill*         0x2000003d        0x3 
 .bss._ZZ13timerCallbackvE10minCurrent
                0x20000040        0x4 ./Sources/main.o
 .bss._ZZ13timerCallbackvE10maxCurrent
                0x20000044        0x4 ./Sources/main.o
 .bss._ZZ13timerCallbackvE17zeroCrossingLevel
                0x20000048        0x4 ./Sources/main.o
 .bss._ZZ13timerCallbackvE10lastSwitch
                0x2000004c        0x1 ./Sources/main.o
 *fill*         0x2000004d        0x3 
 .bss._ZZ13timerCallbackvE13debounceCount
                0x20000050        0x4 ./Sources/main.o
 .bss._ZZ13timerCallbackvE11timeCounter
                0x20000054        0x4 ./Sources/main.o
 .bss._ZL15holdTimeInTicks
                0x20000058        0x4 ./Sources/main.o
 .bss._ZL16delayTimeInTicks
                0x2000005c        0x4 ./Sources/main.o
 .bss._ZL5state
                0x20000060        0x1 ./Sources/main.o
 *fill*         0x20000061        0x3 
 .bss.eventQueue
                0x20000064       0x18 ./Sources/main.o
                0x20000064                eventQueue
 .bss._ZN5USBDM12PitBasicInfo17allocatedChannelsE
                0x2000007c        0x4 ./Sources/main.o
                0x2000007c                USBDM::PitBasicInfo::allocatedChannels
 .bss._ZN5USBDM9errorCodeE
                0x20000080        0x4 ./Sources/usbdmError.o
                0x20000080                USBDM::errorCode
 .bss.__malloc_free_list
                0x20000084        0x4 /opt/eclipse-usbdm/arm-gnu-toolchain-13.2.Rel1-x86_64-arm-none-eabi/bin/../lib/gcc/arm-none-eabi/13.2.1/../../../../arm-none-eabi/lib/thumb/v6-m/nofp/libg_nano.a(libc_a-mallocr.o)
                0x20000084                __malloc_free_list
 .bss.__sf      0x20000088      0x138 /opt/eclipse-usbdm/arm-gnu-toolchain-13.2.Rel1-x86_64-arm-none-eabi/bin/../lib/gcc/arm-none-eabi/13.2.1/../../../../arm-none-eabi/lib/thumb/v6-m/nofp/libg_nano.a(libc_a-findfp.o)
                0x20000088                __sf
 .bss.__stdio_exit_handler
                0x200001c0        0x4 /opt/eclipse-usbdm/arm-gnu-toolchain-13.2.Rel1-x86_64-arm-none-eabi/bin/../lib/gcc/arm-none-eabi/13.2.1/../../../../arm-none-eabi/lib/thumb/v6-m/nofp/libg_nano.a(libc_a-findfp.o)
                0x200001c0                __stdio_exit_handler
 .bss.__lock___malloc_recursive_mutex
                0x200001c4        0x1 /opt/eclipse-usbdm/arm-gnu-toolchain-13.2.Rel1-x86_64-arm-none-eabi/bin/../lib/gcc/arm-none-eabi/13.2.1/../../../../arm-none-eabi/lib/thumb/v6-m/nofp/libg_nano.a(libc_a-lock.o)
                0x200001c4                __lock___malloc_recursive_mutex
 *(COMMON)
                0x200001c8                        . = ALIGN (0x4)
 *fill*         0x200001c5        0x3 
                0x200001c8                        __bss_end__ = .
                0x200001c8                        __END_BSS = .

.heap           0x200001c8        0x0
                0x200001c8                        . = ALIGN (0x4)
                [!provide]                        PROVIDE (__end__ = .)
                [!provide]                        PROVIDE (end = .)
                [!provide]                        PROVIDE (_end = .)
                0x200001c8                        __HeapBase = .
                0x200001c8                        __heap_addr = .
                0x200001c8                        . = (. + __heap_size__)
                0x200001d0                        __HeapLimit = MIN (ABSOLUTE (((ORIGIN (heap_ram) + LENGTH (heap_ram)) - 0x1)), __StackLimit)
                [!provide]                        PROVIDE (__sram_u_size = 0x0)

.stack          0x200001c8      0x138
                0x200001cd                        . = MAX (., ABSOLUTE (((((ORIGIN (stack_ram) + LENGTH (stack_ram)) - __stack_size__) - __sram_u_size) - 0x3)))
 *fill*         0x200001c8        0x5 
                0x200001d0                        . = ALIGN (0x4)
 *fill*         0x200001cd        0x3 
                0x200001d0                        __StackLimit = .
                0x20000300                        . = (. + __stack_size__)
 *fill*         0x200001d0      0x130 
                0x20000300                        __StackTop = .
                0x20000300                        PROVIDE (__stack = __StackTop)
                [!provide]                        PROVIDE (__cs3_stack = __StackTop)
                0x00000000                        PROVIDE (_write = _usbdm_write)
                0x00000000                        PROVIDE (_read = _usbdm_read)
OUTPUT(DustCollector_V4_KE04Z4.elf elf32-littlearm)
LOAD linker stubs

.ARM.attributes
                0x00000000       0x28
 .ARM.attributes
                0x00000000       0x1e /opt/eclipse-usbdm/arm-gnu-toolchain-13.2.Rel1-x86_64-arm-none-eabi/bin/../lib/gcc/arm-none-eabi/13.2.1/thumb/v6-m/nofp/crti.o
 .ARM.attributes
                0x0000001e       0x2c /opt/eclipse-usbdm/arm-gnu-toolchain-13.2.Rel1-x86_64-arm-none-eabi/bin/../lib/gcc/arm-none-eabi/13.2.1/thumb/v6-m/nofp/crtbegin.o
 .ARM.attributes
                0x0000004a       0x1b /opt/eclipse-usbdm/arm-gnu-toolchain-13.2.Rel1-x86_64-arm-none-eabi/bin/../lib/gcc/arm-none-eabi/13.2.1/../../../../arm-none-eabi/lib/thumb/v6-m/nofp/crt0.o
 .ARM.attributes
                0x00000065       0x2c ./Startup_Code/console.o
 .ARM.attributes
                0x00000091       0x2c ./Startup_Code/ics.o
 .ARM.attributes
                0x000000bd       0x2c ./Startup_Code/newlib_stubs.o
 .ARM.attributes
                0x000000e9       0x2c ./Startup_Code/security.o
 .ARM.attributes
                0x00000115       0x1b ./Startup_Code/startup_ARMLtdGCC.o
 .ARM.attributes
                0x00000130       0x2c ./Startup_Code/system-gcc.o
 .ARM.attributes
                0x0000015c       0x2c ./Startup_Code/system.o
 .ARM.attributes
                0x00000188       0x2c ./Startup_Code/vectors.o
 .ARM.attributes
                0x000001b4       0x2c ./Sources/main.o
 .ARM.attributes
                0x000001e0       0x2c ./Sources/usbdmError.o
 .ARM.attributes
                0x0000020c       0x2c /opt/eclipse-usbdm/arm-gnu-toolchain-13.2.Rel1-x86_64-arm-none-eabi/bin/../lib/gcc/arm-none-eabi/13.2.1/../../../../arm-none-eabi/lib/thumb/v6-m/nofp/libstdc++_nano.a(atexit_arm.o)
 .ARM.attributes
                0x00000238       0x2c /opt/eclipse-usbdm/arm-gnu-toolchain-13.2.Rel1-x86_64-arm-none-eabi/bin/../lib/gcc/arm-none-eabi/13.2.1/../../../../arm-none-eabi/lib/thumb/v6-m/nofp/libstdc++_nano.a(del_ops.o)
 .ARM.attributes
                0x00000264       0x2c /opt/eclipse-usbdm/arm-gnu-toolchain-13.2.Rel1-x86_64-arm-none-eabi/bin/../lib/gcc/arm-none-eabi/13.2.1/../../../../arm-none-eabi/lib/thumb/v6-m/nofp/libstdc++_nano.a(del_op.o)
 .ARM.attributes
                0x00000290       0x1e /opt/eclipse-usbdm/arm-gnu-toolchain-13.2.Rel1-x86_64-arm-none-eabi/bin/../lib/gcc/arm-none-eabi/13.2.1/thumb/v6-m/nofp/libgcc.a(_udivsi3.o)
 .ARM.attributes
                0x000002ae       0x1e /opt/eclipse-usbdm/arm-gnu-toolchain-13.2.Rel1-x86_64-arm-none-eabi/bin/../lib/gcc/arm-none-eabi/13.2.1/thumb/v6-m/nofp/libgcc.a(_divsi3.o)
 .ARM.attributes
                0x000002cc       0x1e /opt/eclipse-usbdm/arm-gnu-toolchain-13.2.Rel1-x86_64-arm-none-eabi/bin/../lib/gcc/arm-none-eabi/13.2.1/thumb/v6-m/nofp/libgcc.a(_dvmd_tls.o)
 .ARM.attributes
                0x000002ea       0x2c /opt/eclipse-usbdm/arm-gnu-toolchain-13.2.Rel1-x86_64-arm-none-eabi/bin/../lib/gcc/arm-none-eabi/13.2.1/../../../../arm-none-eabi/lib/thumb/v6-m/nofp/libg_nano.a(libc_a-exit.o)
 .ARM.attributes
                0x00000316       0x2c /opt/eclipse-usbdm/arm-gnu-toolchain-13.2.Rel1-x86_64-arm-none-eabi/bin/../lib/gcc/arm-none-eabi/13.2.1/../../../../arm-none-eabi/lib/thumb/v6-m/nofp/libg_nano.a(libc_a-init.o)
 .ARM.attributes
                0x00000342       0x2c /opt/eclipse-usbdm/arm-gnu-toolchain-13.2.Rel1-x86_64-arm-none-eabi/bin/../lib/gcc/arm-none-eabi/13.2.1/../../../../arm-none-eabi/lib/thumb/v6-m/nofp/libg_nano.a(libc_a-impure.o)
 .ARM.attributes
                0x0000036e       0x2c /opt/eclipse-usbdm/arm-gnu-toolchain-13.2.Rel1-x86_64-arm-none-eabi/bin/../lib/gcc/arm-none-eabi/13.2.1/../../../../arm-none-eabi/lib/thumb/v6-m/nofp/libg_nano.a(libc_a-malloc.o)
 .ARM.attributes
                0x0000039a       0x2c /opt/eclipse-usbdm/arm-gnu-toolchain-13.2.Rel1-x86_64-arm-none-eabi/bin/../lib/gcc/arm-none-eabi/13.2.1/../../../../arm-none-eabi/lib/thumb/v6-m/nofp/libg_nano.a(libc_a-mallocr.o)
 .ARM.attributes
                0x000003c6       0x2c /opt/eclipse-usbdm/arm-gnu-toolchain-13.2.Rel1-x86_64-arm-none-eabi/bin/../lib/gcc/arm-none-eabi/13.2.1/../../../../arm-none-eabi/lib/thumb/v6-m/nofp/libg_nano.a(libc_a-cxa_atexit.o)
 .ARM.attributes
                0x000003f2       0x2c /opt/eclipse-usbdm/arm-gnu-toolchain-13.2.Rel1-x86_64-arm-none-eabi/bin/../lib/gcc/arm-none-eabi/13.2.1/../../../../arm-none-eabi/lib/thumb/v6-m/nofp/libg_nano.a(libc_a-findfp.o)
 .ARM.attributes
                0x0000041e       0x2c /opt/eclipse-usbdm/arm-gnu-toolchain-13.2.Rel1-x86_64-arm-none-eabi/bin/../lib/gcc/arm-none-eabi/13.2.1/../../../../arm-none-eabi/lib/thumb/v6-m/nofp/libg_nano.a(libc_a-mlock.o)
 .ARM.attributes
                0x0000044a       0x2c /opt/eclipse-usbdm/arm-gnu-toolchain-13.2.Rel1-x86_64-arm-none-eabi/bin/../lib/gcc/arm-none-eabi/13.2.1/../../../../arm-none-eabi/lib/thumb/v6-m/nofp/libg_nano.a(libc_a-memset.o)
 .ARM.attributes
                0x00000476       0x2c /opt/eclipse-usbdm/arm-gnu-toolchain-13.2.Rel1-x86_64-arm-none-eabi/bin/../lib/gcc/arm-none-eabi/13.2.1/../../../../arm-none-eabi/lib/thumb/v6-m/nofp/libg_nano.a(libc_a-freer.o)
 .ARM.attributes
                0x000004a2       0x2c /opt/eclipse-usbdm/arm-gnu-toolchain-13.2.Rel1-x86_64-arm-none-eabi/bin/../lib/gcc/arm-none-eabi/13.2.1/../../../../arm-none-eabi/lib/thumb/v6-m/nofp/libg_nano.a(libc_a-lock.o)
 .ARM.attributes
                0x000004ce       0x2c /opt/eclipse-usbdm/arm-gnu-toolchain-13.2.Rel1-x86_64-arm-none-eabi/bin/../lib/gcc/arm-none-eabi/13.2.1/thumb/v6-m/nofp/crtend.o
 .ARM.attributes
                0x000004fa       0x1e /opt/eclipse-usbdm/arm-gnu-toolchain-13.2.Rel1-x86_64-arm-none-eabi/bin/../lib/gcc/arm-none-eabi/13.2.1/thumb/v6-m/nofp/crtn.o

.comment        0x00000000       0x44
 .comment       0x00000000       0x44 ./Startup_Code/console.o
                                 0x45 (size before relaxing)
 .comment       0x00000044       0x45 ./Startup_Code/ics.o
 .comment       0x00000044       0x45 ./Startup_Code/newlib_stubs.o
 .comment       0x00000044       0x45 ./Startup_Code/security.o
 .comment       0x00000044       0x45 ./Startup_Code/system-gcc.o
 .comment       0x00000044       0x45 ./Startup_Code/system.o
 .comment       0x00000044       0x45 ./Startup_Code/vectors.o
 .comment       0x00000044       0x45 ./Sources/main.o
 .comment       0x00000044       0x45 ./Sources/usbdmError.o

.debug_line_str
                0x00000000      0x20e
 .debug_line_str
                0x00000000      0x20e /opt/eclipse-usbdm/arm-gnu-toolchain-13.2.Rel1-x86_64-arm-none-eabi/bin/../lib/gcc/arm-none-eabi/13.2.1/../../../../arm-none-eabi/lib/thumb/v6-m/nofp/crt0.o
                                 0xcb (size before relaxing)
 .debug_line_str
                0x0000020e       0x81 ./Startup_Code/startup_ARMLtdGCC.o
 .debug_line_str
                0x0000020e       0xc2 /opt/eclipse-usbdm/arm-gnu-toolchain-13.2.Rel1-x86_64-arm-none-eabi/bin/../lib/gcc/arm-none-eabi/13.2.1/thumb/v6-m/nofp/libgcc.a(_udivsi3.o)
 .debug_line_str
                0x0000020e       0xc2 /opt/eclipse-usbdm/arm-gnu-toolchain-13.2.Rel1-x86_64-arm-none-eabi/bin/../lib/gcc/arm-none-eabi/13.2.1/thumb/v6-m/nofp/libgcc.a(_divsi3.o)
 .debug_line_str
                0x0000020e       0xc2 /opt/eclipse-usbdm/arm-gnu-toolchain-13.2.Rel1-x86_64-arm-none-eabi/bin/../lib/gcc/arm-none-eabi/13.2.1/thumb/v6-m/nofp/libgcc.a(_dvmd_tls.o)

.debug_info     0x00000000    0x22262
 .debug_info    0x00000000     0x5ab2 ./Startup_Code/console.o
 .debug_info    0x00005ab2     0x3156 ./Startup_Code/ics.o
 .debug_info    0x00008c08      0x7e0 ./Startup_Code/newlib_stubs.o
 .debug_info    0x000093e8      0x126 ./Startup_Code/security.o
 .debug_info    0x0000950e       0x31 ./Startup_Code/startup_ARMLtdGCC.o
 .debug_info    0x0000953f     0x2079 ./Startup_Code/system-gcc.o
 .debug_info    0x0000b5b8     0x5adb ./Startup_Code/system.o
 .debug_info    0x00011093     0x3a0b ./Startup_Code/vectors.o
 .debug_info    0x00014a9e     0xb47c ./Sources/main.o
 .debug_info    0x0001ff1a     0x2348 ./Sources/usbdmError.o

.debug_abbrev   0x00000000     0x3d93
 .debug_abbrev  0x00000000      0x9e7 ./Startup_Code/console.o
 .debug_abbrev  0x000009e7      0x66f ./Startup_Code/ics.o
 .debug_abbrev  0x00001056      0x26a ./Startup_Code/newlib_stubs.o
 .debug_abbrev  0x000012c0       0x85 ./Startup_Code/security.o
 .debug_abbrev  0x00001345       0x28 ./Startup_Code/startup_ARMLtdGCC.o
 .debug_abbrev  0x0000136d      0x3ae ./Startup_Code/system-gcc.o
 .debug_abbrev  0x0000171b      0x993 ./Startup_Code/system.o
 .debug_abbrev  0x000020ae      0x88e ./Startup_Code/vectors.o
 .debug_abbrev  0x0000293c      0xf87 ./Sources/main.o
 .debug_abbrev  0x000038c3      0x4d0 ./Sources/usbdmError.o

.debug_loclists
                0x00000000     0x1a02
 .debug_loclists
                0x00000000      0x5a8 ./Startup_Code/console.o
 .debug_loclists
                0x000005a8      0x34f ./Startup_Code/newlib_stubs.o
 .debug_loclists
                0x000008f7       0x18 ./Startup_Code/system-gcc.o
 .debug_loclists
                0x0000090f      0x12c ./Startup_Code/system.o
 .debug_loclists
                0x00000a3b       0x18 ./Startup_Code/vectors.o
 .debug_loclists
                0x00000a53      0xe40 ./Sources/main.o
 .debug_loclists
                0x00001893      0x16f ./Sources/usbdmError.o

.debug_aranges  0x00000000      0x4c8
 .debug_aranges
                0x00000000      0x100 ./Startup_Code/console.o
 .debug_aranges
                0x00000100       0x28 ./Startup_Code/ics.o
 .debug_aranges
                0x00000128       0xb8 ./Startup_Code/newlib_stubs.o
 .debug_aranges
                0x000001e0       0x18 ./Startup_Code/security.o
 .debug_aranges
                0x000001f8       0x20 ./Startup_Code/startup_ARMLtdGCC.o
 .debug_aranges
                0x00000218       0x28 ./Startup_Code/system-gcc.o
 .debug_aranges
                0x00000240       0x60 ./Startup_Code/system.o
 .debug_aranges
                0x000002a0       0x40 ./Startup_Code/vectors.o
 .debug_aranges
                0x000002e0      0x190 ./Sources/main.o
 .debug_aranges
                0x00000470       0x58 ./Sources/usbdmError.o

.debug_rnglists
                0x00000000      0x419
 .debug_rnglists
                0x00000000       0xbb ./Startup_Code/console.o
 .debug_rnglists
                0x000000bb       0x19 ./Startup_Code/ics.o
 .debug_rnglists
                0x000000d4       0x85 ./Startup_Code/newlib_stubs.o
 .debug_rnglists
                0x00000159       0x19 ./Startup_Code/system-gcc.o
 .debug_rnglists
                0x00000172       0x43 ./Startup_Code/system.o
 .debug_rnglists
                0x000001b5       0x2b ./Startup_Code/vectors.o
 .debug_rnglists
                0x000001e0      0x1fc ./Sources/main.o
 .debug_rnglists
                0x000003dc       0x3d ./Sources/usbdmError.o

.debug_macro    0x00000000     0xb469
 .debug_macro   0x00000000      0x539 ./Startup_Code/console.o
 .debug_macro   0x00000539      0xc52 ./Startup_Code/console.o
 .debug_macro   0x0000118b       0x10 ./Startup_Code/console.o
 .debug_macro   0x0000119b       0x1c ./Startup_Code/console.o
 .debug_macro   0x000011b7       0x22 ./Startup_Code/console.o
 .debug_macro   0x000011d9       0x56 ./Startup_Code/console.o
 .debug_macro   0x0000122f       0x51 ./Startup_Code/console.o
 .debug_macro   0x00001280      0x103 ./Startup_Code/console.o
 .debug_macro   0x00001383       0x6a ./Startup_Code/console.o
 .debug_macro   0x000013ed      0x1df ./Startup_Code/console.o
 .debug_macro   0x000015cc       0x2e ./Startup_Code/console.o
 .debug_macro   0x000015fa       0x3a ./Startup_Code/console.o
 .debug_macro   0x00001634       0x26 ./Startup_Code/console.o
 .debug_macro   0x0000165a      0x329 ./Startup_Code/console.o
 .debug_macro   0x00001983     0x309b ./Startup_Code/console.o
 .debug_macro   0x00004a1e      0x197 ./Startup_Code/console.o
 .debug_macro   0x00004bb5      0x1f2 ./Startup_Code/console.o
 .debug_macro   0x00004da7       0x10 ./Startup_Code/console.o
 .debug_macro   0x00004db7       0xd6 ./Startup_Code/console.o
 .debug_macro   0x00004e8d      0x103 ./Startup_Code/console.o
 .debug_macro   0x00004f90      0x353 ./Startup_Code/console.o
 .debug_macro   0x000052e3       0x9c ./Startup_Code/console.o
 .debug_macro   0x0000537f       0x1c ./Startup_Code/console.o
 .debug_macro   0x0000539b       0x18 ./Startup_Code/console.o
 .debug_macro   0x000053b3       0x4f ./Startup_Code/console.o
 .debug_macro   0x00005402       0x25 ./Startup_Code/console.o
 .debug_macro   0x00005427       0x18 ./Startup_Code/console.o
 .debug_macro   0x0000543f       0x11 ./Startup_Code/console.o
 .debug_macro   0x00005450       0x17 ./Startup_Code/console.o
 .debug_macro   0x00005467       0x10 ./Startup_Code/console.o
 .debug_macro   0x00005477       0x28 ./Startup_Code/console.o
 .debug_macro   0x0000549f       0x2e ./Startup_Code/console.o
 .debug_macro   0x000054cd       0x16 ./Startup_Code/console.o
 .debug_macro   0x000054e3       0x19 ./Startup_Code/console.o
 .debug_macro   0x000054fc       0x20 ./Startup_Code/console.o
 .debug_macro   0x0000551c       0x88 ./Startup_Code/console.o
 .debug_macro   0x000055a4       0x25 ./Startup_Code/console.o
 .debug_macro   0x000055c9       0x19 ./Startup_Code/console.o
 .debug_macro   0x000055e2       0x18 ./Startup_Code/console.o
 .debug_macro   0x000055fa       0x7b ./Startup_Code/console.o
 .debug_macro   0x00005675       0x24 ./Startup_Code/console.o
 .debug_macro   0x00005699       0x3c ./Startup_Code/console.o
 .debug_macro   0x000056d5       0x34 ./Startup_Code/console.o
 .debug_macro   0x00005709      0x38c ./Startup_Code/console.o
 .debug_macro   0x00005a95       0x16 ./Startup_Code/console.o
 .debug_macro   0x00005aab       0x4a ./Startup_Code/console.o
 .debug_macro   0x00005af5       0x34 ./Startup_Code/console.o
 .debug_macro   0x00005b29       0x10 ./Startup_Code/console.o
 .debug_macro   0x00005b39       0x58 ./Startup_Code/console.o
 .debug_macro   0x00005b91      0x1de ./Startup_Code/console.o
 .debug_macro   0x00005d6f       0xe5 ./Startup_Code/console.o
 .debug_macro   0x00005e54       0x10 ./Startup_Code/console.o
 .debug_macro   0x00005e64       0x16 ./Startup_Code/console.o
 .debug_macro   0x00005e7a       0x3c ./Startup_Code/console.o
 .debug_macro   0x00005eb6       0x22 ./Startup_Code/console.o
 .debug_macro   0x00005ed8       0x10 ./Startup_Code/console.o
 .debug_macro   0x00005ee8      0x3d5 ./Startup_Code/console.o
 .debug_macro   0x000062bd       0x16 ./Startup_Code/console.o
 .debug_macro   0x000062d3      0x120 ./Startup_Code/console.o
 .debug_macro   0x000063f3       0x11 ./Startup_Code/console.o
 .debug_macro   0x00006404       0x17 ./Startup_Code/console.o
 .debug_macro   0x0000641b       0x17 ./Startup_Code/console.o
 .debug_macro   0x00006432       0x17 ./Startup_Code/console.o
 .debug_macro   0x00006449       0x17 ./Startup_Code/console.o
 .debug_macro   0x00006460       0x17 ./Startup_Code/console.o
 .debug_macro   0x00006477       0x17 ./Startup_Code/console.o
 .debug_macro   0x0000648e       0x11 ./Startup_Code/console.o
 .debug_macro   0x0000649f       0xf0 ./Startup_Code/console.o
 .debug_macro   0x0000658f       0x12 ./Startup_Code/console.o
 .debug_macro   0x000065a1       0x1e ./Startup_Code/console.o
 .debug_macro   0x000065bf       0x10 ./Startup_Code/console.o
 .debug_macro   0x000065cf       0x7c ./Startup_Code/console.o
 .debug_macro   0x0000664b       0x17 ./Startup_Code/console.o
 .debug_macro   0x00006662       0xc4 ./Startup_Code/console.o
 .debug_macro   0x00006726       0x1c ./Startup_Code/console.o
 .debug_macro   0x00006742      0x201 ./Startup_Code/console.o
 .debug_macro   0x00006943       0x2c ./Startup_Code/console.o
 .debug_macro   0x0000696f       0x22 ./Startup_Code/console.o
 .debug_macro   0x00006991       0x12 ./Startup_Code/console.o
 .debug_macro   0x000069a3       0x46 ./Startup_Code/console.o
 .debug_macro   0x000069e9       0x8e ./Startup_Code/console.o
 .debug_macro   0x00006a77      0x530 ./Startup_Code/ics.o
 .debug_macro   0x00006fa7       0x75 ./Startup_Code/ics.o
 .debug_macro   0x0000701c       0x5c ./Startup_Code/ics.o
 .debug_macro   0x00007078       0x57 ./Startup_Code/ics.o
 .debug_macro   0x000070cf       0x10 ./Startup_Code/ics.o
 .debug_macro   0x000070df       0x16 ./Startup_Code/ics.o
 .debug_macro   0x000070f5      0x198 ./Startup_Code/newlib_stubs.o
 .debug_macro   0x0000728d      0xaa8 ./Startup_Code/newlib_stubs.o
 .debug_macro   0x00007d35       0x10 ./Startup_Code/newlib_stubs.o
 .debug_macro   0x00007d45       0x5c ./Startup_Code/newlib_stubs.o
 .debug_macro   0x00007da1       0x34 ./Startup_Code/newlib_stubs.o
 .debug_macro   0x00007dd5      0x190 ./Startup_Code/newlib_stubs.o
 .debug_macro   0x00007f65      0x370 ./Startup_Code/newlib_stubs.o
 .debug_macro   0x000082d5       0x4a ./Startup_Code/newlib_stubs.o
 .debug_macro   0x0000831f      0x23c ./Startup_Code/newlib_stubs.o
 .debug_macro   0x0000855b       0x10 ./Startup_Code/newlib_stubs.o
 .debug_macro   0x0000856b       0x3c ./Startup_Code/newlib_stubs.o
 .debug_macro   0x000085a7       0x10 ./Startup_Code/newlib_stubs.o
 .debug_macro   0x000085b7       0x10 ./Startup_Code/newlib_stubs.o
 .debug_macro   0x000085c7       0xb8 ./Startup_Code/newlib_stubs.o
 .debug_macro   0x0000867f       0x2e ./Startup_Code/newlib_stubs.o
 .debug_macro   0x000086ad      0x102 ./Startup_Code/newlib_stubs.o
 .debug_macro   0x000087af       0x16 ./Startup_Code/newlib_stubs.o
 .debug_macro   0x000087c5      0x4fe ./Startup_Code/newlib_stubs.o
 .debug_macro   0x00008cc3      0x16f ./Startup_Code/security.o
 .debug_macro   0x00008e32       0x56 ./Startup_Code/security.o
 .debug_macro   0x00008e88       0x3a ./Startup_Code/security.o
 .debug_macro   0x00008ec2      0x329 ./Startup_Code/security.o
 .debug_macro   0x000091eb      0x4e8 ./Startup_Code/system-gcc.o
 .debug_macro   0x000096d3       0x10 ./Startup_Code/system-gcc.o
 .debug_macro   0x000096e3      0x11c ./Startup_Code/system-gcc.o
 .debug_macro   0x000097ff       0xa2 ./Startup_Code/system-gcc.o
 .debug_macro   0x000098a1       0x1c ./Startup_Code/system-gcc.o
 .debug_macro   0x000098bd       0xde ./Startup_Code/system-gcc.o
 .debug_macro   0x0000999b       0xa2 ./Startup_Code/system-gcc.o
 .debug_macro   0x00009a3d      0x3db ./Startup_Code/system-gcc.o
 .debug_macro   0x00009e18      0x53c ./Startup_Code/system.o
 .debug_macro   0x0000a354      0x5e2 ./Startup_Code/vectors.o
 .debug_macro   0x0000a936       0x40 ./Startup_Code/vectors.o
 .debug_macro   0x0000a976       0x12 ./Startup_Code/vectors.o
 .debug_macro   0x0000a988       0x28 ./Startup_Code/vectors.o
 .debug_macro   0x0000a9b0      0x5d3 ./Sources/main.o
 .debug_macro   0x0000af83      0x4e6 ./Sources/usbdmError.o

.debug_line     0x00000000     0x7d58
 .debug_line    0x00000000     0x121c ./Startup_Code/console.o
 .debug_line    0x0000121c      0xc10 ./Startup_Code/ics.o
 .debug_line    0x00001e2c      0x68d ./Startup_Code/newlib_stubs.o
 .debug_line    0x000024b9      0x332 ./Startup_Code/security.o
 .debug_line    0x000027eb       0x6c ./Startup_Code/startup_ARMLtdGCC.o
 .debug_line    0x00002857      0xb87 ./Startup_Code/system-gcc.o
 .debug_line    0x000033de      0xdc9 ./Startup_Code/system.o
 .debug_line    0x000041a7      0xcce ./Startup_Code/vectors.o
 .debug_line    0x00004e75     0x220d ./Sources/main.o
 .debug_line    0x00007082      0xcd6 ./Sources/usbdmError.o

.debug_str      0x00000000    0x3686c
 .debug_str     0x00000000    0x3686c ./Startup_Code/console.o
                              0x2a152 (size before relaxing)
 .debug_str     0x0003686c    0x280aa ./Startup_Code/ics.o
 .debug_str     0x0003686c     0x881c ./Startup_Code/newlib_stubs.o
 .debug_str     0x0003686c    0x1c9e2 ./Startup_Code/security.o
 .debug_str     0x0003686c       0x9d ./Startup_Code/startup_ARMLtdGCC.o
 .debug_str     0x0003686c    0x25402 ./Startup_Code/system-gcc.o
 .debug_str     0x0003686c    0x2b206 ./Startup_Code/system.o
 .debug_str     0x0003686c    0x27b21 ./Startup_Code/vectors.o
 .debug_str     0x0003686c    0x31235 ./Sources/main.o
 .debug_str     0x0003686c    0x2560f ./Sources/usbdmError.o

.debug_frame    0x00000000      0xe9c
 .debug_frame   0x00000000      0x284 ./Startup_Code/console.o
 .debug_frame   0x00000284       0x38 ./Startup_Code/ics.o
 .debug_frame   0x000002bc      0x16c ./Startup_Code/newlib_stubs.o
 .debug_frame   0x00000428       0x40 ./Startup_Code/system-gcc.o
 .debug_frame   0x00000468       0xc8 ./Startup_Code/system.o
 .debug_frame   0x00000530       0x7c ./Startup_Code/vectors.o
 .debug_frame   0x000005ac      0x400 ./Sources/main.o
 .debug_frame   0x000009ac       0xb8 ./Sources/usbdmError.o
 .debug_frame   0x00000a64       0x28 /opt/eclipse-usbdm/arm-gnu-toolchain-13.2.Rel1-x86_64-arm-none-eabi/bin/../lib/gcc/arm-none-eabi/13.2.1/../../../../arm-none-eabi/lib/thumb/v6-m/nofp/libstdc++_nano.a(atexit_arm.o)
 .debug_frame   0x00000a8c       0x28 /opt/eclipse-usbdm/arm-gnu-toolchain-13.2.Rel1-x86_64-arm-none-eabi/bin/../lib/gcc/arm-none-eabi/13.2.1/../../../../arm-none-eabi/lib/thumb/v6-m/nofp/libstdc++_nano.a(del_ops.o)
 .debug_frame   0x00000ab4       0x28 /opt/eclipse-usbdm/arm-gnu-toolchain-13.2.Rel1-x86_64-arm-none-eabi/bin/../lib/gcc/arm-none-eabi/13.2.1/../../../../arm-none-eabi/lib/thumb/v6-m/nofp/libstdc++_nano.a(del_op.o)
 .debug_frame   0x00000adc       0x20 /opt/eclipse-usbdm/arm-gnu-toolchain-13.2.Rel1-x86_64-arm-none-eabi/bin/../lib/gcc/arm-none-eabi/13.2.1/thumb/v6-m/nofp/libgcc.a(_udivsi3.o)
 .debug_frame   0x00000afc       0x20 /opt/eclipse-usbdm/arm-gnu-toolchain-13.2.Rel1-x86_64-arm-none-eabi/bin/../lib/gcc/arm-none-eabi/13.2.1/thumb/v6-m/nofp/libgcc.a(_divsi3.o)
 .debug_frame   0x00000b1c       0x28 /opt/eclipse-usbdm/arm-gnu-toolchain-13.2.Rel1-x86_64-arm-none-eabi/bin/../lib/gcc/arm-none-eabi/13.2.1/../../../../arm-none-eabi/lib/thumb/v6-m/nofp/libg_nano.a(libc_a-exit.o)
 .debug_frame   0x00000b44       0x2c /opt/eclipse-usbdm/arm-gnu-toolchain-13.2.Rel1-x86_64-arm-none-eabi/bin/../lib/gcc/arm-none-eabi/13.2.1/../../../../arm-none-eabi/lib/thumb/v6-m/nofp/libg_nano.a(libc_a-init.o)
 .debug_frame   0x00000b70       0x40 /opt/eclipse-usbdm/arm-gnu-toolchain-13.2.Rel1-x86_64-arm-none-eabi/bin/../lib/gcc/arm-none-eabi/13.2.1/../../../../arm-none-eabi/lib/thumb/v6-m/nofp/libg_nano.a(libc_a-malloc.o)
 .debug_frame   0x00000bb0       0x50 /opt/eclipse-usbdm/arm-gnu-toolchain-13.2.Rel1-x86_64-arm-none-eabi/bin/../lib/gcc/arm-none-eabi/13.2.1/../../../../arm-none-eabi/lib/thumb/v6-m/nofp/libg_nano.a(libc_a-mallocr.o)
 .debug_frame   0x00000c00       0x28 /opt/eclipse-usbdm/arm-gnu-toolchain-13.2.Rel1-x86_64-arm-none-eabi/bin/../lib/gcc/arm-none-eabi/13.2.1/../../../../arm-none-eabi/lib/thumb/v6-m/nofp/libg_nano.a(libc_a-cxa_atexit.o)
 .debug_frame   0x00000c28      0x138 /opt/eclipse-usbdm/arm-gnu-toolchain-13.2.Rel1-x86_64-arm-none-eabi/bin/../lib/gcc/arm-none-eabi/13.2.1/../../../../arm-none-eabi/lib/thumb/v6-m/nofp/libg_nano.a(libc_a-findfp.o)
 .debug_frame   0x00000d60       0x40 /opt/eclipse-usbdm/arm-gnu-toolchain-13.2.Rel1-x86_64-arm-none-eabi/bin/../lib/gcc/arm-none-eabi/13.2.1/../../../../arm-none-eabi/lib/thumb/v6-m/nofp/libg_nano.a(libc_a-mlock.o)
 .debug_frame   0x00000da0       0x20 /opt/eclipse-usbdm/arm-gnu-toolchain-13.2.Rel1-x86_64-arm-none-eabi/bin/../lib/gcc/arm-none-eabi/13.2.1/../../../../arm-none-eabi/lib/thumb/v6-m/nofp/libg_nano.a(libc_a-memset.o)
 .debug_frame   0x00000dc0       0x2c /opt/eclipse-usbdm/arm-gnu-toolchain-13.2.Rel1-x86_64-arm-none-eabi/bin/../lib/gcc/arm-none-eabi/13.2.1/../../../../arm-none-eabi/lib/thumb/v6-m/nofp/libg_nano.a(libc_a-freer.o)
 .debug_frame   0x00000dec       0xb0 /opt/eclipse-usbdm/arm-gnu-toolchain-13.2.Rel1-x86_64-arm-none-eabi/bin/../lib/gcc/arm-none-eabi/13.2.1/../../../../arm-none-eabi/lib/thumb/v6-m/nofp/libg_nano.a(libc_a-lock.o)
